Archive member included to satisfy reference by file (symbol)

/Users/mrbuzhaoji/Library/Application Support/Code/User/globalStorage/vexrobotics.vexcode/sdk/cpp/IQ2/IQ2_20250520_15_00_00/vexiq2/libviq2rt.a(iq2_startup.c.o)
                              (vexStartup)
/Users/mrbuzhaoji/Library/Application Support/Code/User/globalStorage/vexrobotics.vexcode/sdk/cpp/IQ2/IQ2_20250520_15_00_00/vexiq2/libviq2rt.a(iq2_apijump.c.o)
                              /Users/mrbuzhaoji/Library/Application Support/Code/User/globalStorage/vexrobotics.vexcode/sdk/cpp/IQ2/IQ2_20250520_15_00_00/vexiq2/libviq2rt.a(iq2_startup.c.o) (vexTaskAdd)
/Users/mrbuzhaoji/Library/Application Support/Code/User/globalStorage/vexrobotics.vexcode/sdk/cpp/IQ2/IQ2_20250520_15_00_00/vexiq2/libviq2rt.a(iq2_apiversions.c.o)
                              /Users/mrbuzhaoji/Library/Application Support/Code/User/globalStorage/vexrobotics.vexcode/sdk/cpp/IQ2/IQ2_20250520_15_00_00/vexiq2/libviq2rt.a(iq2_apijump.c.o) (vexSystemVersion)
/Users/mrbuzhaoji/Library/Application Support/Code/User/globalStorage/vexrobotics.vexcode/sdk/cpp/IQ2/IQ2_20250520_15_00_00/vexiq2/libviq2rt.a(vex_global.cpp.o)
                              build/src/main.o (vex::wait(double, vex::timeUnits))
/Users/mrbuzhaoji/Library/Application Support/Code/User/globalStorage/vexrobotics.vexcode/sdk/cpp/IQ2/IQ2_20250520_15_00_00/vexiq2/libviq2rt.a(vex_color.cpp.o)
                              build/src/main.o (vex::color::~color())
/Users/mrbuzhaoji/Library/Application Support/Code/User/globalStorage/vexrobotics.vexcode/sdk/cpp/IQ2/IQ2_20250520_15_00_00/vexiq2/libviq2rt.a(vex_task.cpp.o)
                              build/src/main.o (vex::task::task(int (*)()))
/Users/mrbuzhaoji/Library/Application Support/Code/User/globalStorage/vexrobotics.vexcode/sdk/cpp/IQ2/IQ2_20250520_15_00_00/vexiq2/libviq2rt.a(vex_thread.cpp.o)
                              /Users/mrbuzhaoji/Library/Application Support/Code/User/globalStorage/vexrobotics.vexcode/sdk/cpp/IQ2/IQ2_20250520_15_00_00/vexiq2/libviq2rt.a(vex_global.cpp.o) (vex::this_thread::sleep_for(unsigned long))
/Users/mrbuzhaoji/Library/Application Support/Code/User/globalStorage/vexrobotics.vexcode/sdk/cpp/IQ2/IQ2_20250520_15_00_00/vexiq2/libviq2rt.a(vex_brain.cpp.o)
                              build/src/config.o (vex::brain::~brain())
/Users/mrbuzhaoji/Library/Application Support/Code/User/globalStorage/vexrobotics.vexcode/sdk/cpp/IQ2/IQ2_20250520_15_00_00/vexiq2/libviq2rt.a(vex_timer.cpp.o)
                              /Users/mrbuzhaoji/Library/Application Support/Code/User/globalStorage/vexrobotics.vexcode/sdk/cpp/IQ2/IQ2_20250520_15_00_00/vexiq2/libviq2rt.a(vex_brain.cpp.o) (vex::timer::~timer())
/Users/mrbuzhaoji/Library/Application Support/Code/User/globalStorage/vexrobotics.vexcode/sdk/cpp/IQ2/IQ2_20250520_15_00_00/vexiq2/libviq2rt.a(vex_motor.cpp.o)
                              build/src/config.o (vex::motor::~motor())
/Users/mrbuzhaoji/Library/Application Support/Code/User/globalStorage/vexrobotics.vexcode/sdk/cpp/IQ2/IQ2_20250520_15_00_00/vexiq2/libviq2rt.a(vex_touchled.cpp.o)
                              build/src/config.o (vex::touchled::touchled(long))
/Users/mrbuzhaoji/Library/Application Support/Code/User/globalStorage/vexrobotics.vexcode/sdk/cpp/IQ2/IQ2_20250520_15_00_00/vexiq2/libviq2rt.a(vex_imu.cpp.o)
                              build/src/main.o (vex::inertial::setRotation(double, vex::rotationUnits))
/Users/mrbuzhaoji/Library/Application Support/Code/User/globalStorage/vexrobotics.vexcode/sdk/cpp/IQ2/IQ2_20250520_15_00_00/vexiq2/libviq2rt.a(vex_distance.cpp.o)
                              build/src/config.o (vex::distance::distance(long))
/Users/mrbuzhaoji/Library/Application Support/Code/User/globalStorage/vexrobotics.vexcode/sdk/cpp/IQ2/IQ2_20250520_15_00_00/vexiq2/libviq2rt.a(vex_optical.cpp.o)
                              build/src/config.o (vex::optical::~optical())
/Users/mrbuzhaoji/Library/Application Support/Code/User/globalStorage/vexrobotics.vexcode/sdk/cpp/IQ2/IQ2_20250520_15_00_00/vexiq2/libviq2rt.a(vex_pneumatic.cpp.o)
                              build/src/config.o (vex::pneumatic::pneumatic(long, bool))
/Users/mrbuzhaoji/Library/Application Support/Code/User/globalStorage/vexrobotics.vexcode/sdk/cpp/IQ2/IQ2_20250520_15_00_00/vexiq2/libviq2rt.a(vex_motorgroup.cpp.o)
                              build/src/config.o (vex::motor_group::motor_group())
/Users/mrbuzhaoji/Library/Application Support/Code/User/globalStorage/vexrobotics.vexcode/sdk/cpp/IQ2/IQ2_20250520_15_00_00/vexiq2/libviq2rt.a(vex_controller.cpp.o)
                              build/src/config.o (vex::controller::controller())
/Users/mrbuzhaoji/Library/Application Support/Code/User/globalStorage/vexrobotics.vexcode/sdk/cpp/IQ2/IQ2_20250520_15_00_00/vexiq2/libviq2rt.a(vex_event.cpp.o)
[...]
Memory Configuration

Name             Origin             Length             Attributes
SRAM_1_2_3       0x0000000020010000 0x0000000000018000 xrw
*default*        0x0000000000000000 0xffffffffffffffff

Linker script and memory map

                0x0000000000000020                _STACK_SIZE = DEFINED (_STACK_SIZE)?_STACK_SIZE:0x20
                0x0000000000001000                _HEAP_SIZE = DEFINED (_HEAP_SIZE)?_HEAP_SIZE:0x1000

.text           0x0000000020010000     0x32cc
 *(.vectors)
 *(.boot_data)
 .boot_data     0x0000000020010000       0x10 /Users/mrbuzhaoji/Library/Application Support/Code/User/globalStorage/vexrobotics.vexcode/sdk/cpp/IQ2/IQ2_20250520_15_00_00/vexiq2/libviq2rt.a(iq2_startup.c.o)
                0x0000000020010000                vexCodeSig
                0x0000000000000020                . = 0x20
 *fill*         0x0000000020010010       0x10 
 *(.boot)
 .boot          0x0000000020010020       0x64 /Users/mrbuzhaoji/Library/Application Support/Code/User/globalStorage/vexrobotics.vexcode/sdk/cpp/IQ2/IQ2_20250520_15_00_00/vexiq2/libviq2rt.a(iq2_startup.c.o)
                0x0000000020010020                vexStartup
                0x00000000200100c0                . = ALIGN (0x40)
 *fill*         0x0000000020010084       0x3c 
 *(.freertos_vectors)
 *(.text)
 .text          0x00000000200100c0      0x378 /Users/mrbuzhaoji/Library/Application Support/Code/User/globalStorage/vexrobotics.vexcode/sdk/cpp/IQ2/IQ2_20250520_15_00_00/vexiq2/gcc/libs/libgcc.a(_arm_addsubdf3.o)
                0x00000000200100c0                __aeabi_drsub
                0x00000000200100c8                __subdf3
                0x00000000200100c8                __aeabi_dsub
                0x00000000200100cc                __aeabi_dadd
                0x00000000200100cc                __adddf3
                0x0000000020010344                __aeabi_ui2d
                0x0000000020010344                __floatunsidf
                0x0000000020010364                __floatsidf
                0x0000000020010364                __aeabi_i2d
                0x0000000020010388                __extendsfdf2
                0x0000000020010388                __aeabi_f2d
                0x00000000200103cc                __aeabi_ul2d
                0x00000000200103cc                __floatundidf
                0x00000000200103dc                __aeabi_l2d
                0x00000000200103dc                __floatdidf
 .text          0x0000000020010438      0x424 /Users/mrbuzhaoji/Library/Application Support/Code/User/globalStorage/vexrobotics.vexcode/sdk/cpp/IQ2/IQ2_20250520_15_00_00/vexiq2/gcc/libs/libgcc.a(_arm_muldivdf3.o)
                0x0000000020010438                __aeabi_dmul
                0x0000000020010438                __muldf3
                0x000000002001068c                __aeabi_ddiv
                0x000000002001068c                __divdf3
 .text          0x000000002001085c      0x110 /Users/mrbuzhaoji/Library/Application Support/Code/User/globalStorage/vexrobotics.vexcode/sdk/cpp/IQ2/IQ2_20250520_15_00_00/vexiq2/gcc/libs/libgcc.a(_arm_cmpdf2.o)
                0x000000002001085c                __gedf2
                0x000000002001085c                __gtdf2
                0x0000000020010864                __ledf2
                0x0000000020010864                __ltdf2
                0x000000002001086c                __cmpdf2
                0x000000002001086c                __eqdf2
                0x000000002001086c                __nedf2
                0x00000000200108e8                __aeabi_cdrcmple
                0x00000000200108f8                __aeabi_cdcmple
                0x00000000200108f8                __aeabi_cdcmpeq
                0x0000000020010908                __aeabi_dcmpeq
                0x000000002001091c                __aeabi_dcmplt
                0x0000000020010930                __aeabi_dcmple
                0x0000000020010944                __aeabi_dcmpge
                0x0000000020010958                __aeabi_dcmpgt
 .text          0x000000002001096c       0x2c /Users/mrbuzhaoji/Library/Application Support/Code/User/globalStorage/vexrobotics.vexcode/sdk/cpp/IQ2/IQ2_20250520_15_00_00/vexiq2/gcc/libs/libgcc.a(_arm_unorddf2.o)
                0x000000002001096c                __aeabi_dcmpun
                0x000000002001096c                __unorddf2
 .text          0x0000000020010998       0x50 /Users/mrbuzhaoji/Library/Application Support/Code/User/globalStorage/vexrobotics.vexcode/sdk/cpp/IQ2/IQ2_20250520_15_00_00/vexiq2/gcc/libs/libgcc.a(_arm_fixdfsi.o)
                0x0000000020010998                __fixdfsi
                0x0000000020010998                __aeabi_d2iz
 *(.text.*)
 .text._GLOBAL__sub_I_config.cpp
                0x00000000200109e8      0x26e build/src/config.o
 *fill*         0x0000000020010c56        0x2 
 .text.main     0x0000000020010c58      0x4d8 build/src/main.o
                0x0000000020010c58                main
 .text._Z7autorunv
                0x0000000020011130       0x78 build/src/main.o
                0x0000000020011130                autorun()
 .text._Z5ptoLRii
                0x00000000200111a8       0x5c obj/self-pro.o
                0x00000000200111a8                ptoLR(int, int)
 *fill*         0x0000000020011204        0x4 
 .text._Z5pto4cb
                0x0000000020011208      0x160 obj/self-pro.o
                0x0000000020011208                pto4c(bool)
 .text._Z13run_dir_speeddd
                0x0000000020011368      0x250 obj/self-pro.o
                0x0000000020011368                run_dir_speed(double, double)
 .text._Z4moveii
                0x00000000200115b8       0x7e obj/self-pro.o
                0x00000000200115b8                move(int, int)
 *fill*         0x0000000020011636        0x2 
 .text._Z17run_dir_speed_disdddb
                0x0000000020011638      0x1b8 obj/self-pro.o
                0x0000000020011638                run_dir_speed_dis(double, double, double, bool)
 .text._Z5delayd
                0x00000000200117f0       0x80 obj/self-pro.o
                0x00000000200117f0                delay(double)
 .text._Z4beami
                0x0000000020011870       0x26 obj/self-pro.o
                0x0000000020011870                beam(int)
 *fill*         0x0000000020011896        0x2 
 .text._Z5pinupv
                0x0000000020011898       0x60 obj/self-pro.o
                0x0000000020011898                pinup()
 .text.vexMain  0x00000000200118f8       0x60 /Users/mrbuzhaoji/Library/Application Support/Code/User/globalStorage/vexrobotics.vexcode/sdk/cpp/IQ2/IQ2_20250520_15_00_00/vexiq2/libviq2rt.a(iq2_startup.c.o)
                0x00000000200118f8                vexMain
 .text.__vex_function_prolog
                0x0000000020011958       0x10 /Users/mrbuzhaoji/Library/Application Support/Code/User/globalStorage/vexrobotics.vexcode/sdk/cpp/IQ2/IQ2_20250520_15_00_00/vexiq2/libviq2rt.a(iq2_startup.c.o)
                0x0000000020011958                __vex_function_prolog
 .text._init    0x0000000020011968        0x2 /Users/mrbuzhaoji/Library/Application Support/Code/User/globalStorage/vexrobotics.vexcode/sdk/cpp/IQ2/IQ2_20250520_15_00_00/vexiq2/libviq2rt.a(iq2_startup.c.o)
                0x0000000020011968                _init
 .text._fini    0x000000002001196a        0x2 /Users/mrbuzhaoji/Library/Application Support/Code/User/globalStorage/vexrobotics.vexcode/sdk/cpp/IQ2/IQ2_20250520_15_00_00/vexiq2/libviq2rt.a(iq2_startup.c.o)
                0x000000002001196a                _fini
 .text.__cxa_atexit
                0x000000002001196c        0x4 /Users/mrbuzhaoji/Library/Application Support/Code/User/globalStorage/vexrobotics.vexcode/sdk/cpp/IQ2/IQ2_20250520_15_00_00/vexiq2/libviq2rt.a(iq2_startup.c.o)
                0x000000002001196c                __cxa_atexit
 .text.vexTaskAdd
                0x0000000020011970        0xc /Users/mrbuzhaoji/Library/Application Support/Code/User/globalStorage/vexrobotics.vexcode/sdk/cpp/IQ2/IQ2_20250520_15_00_00/vexiq2/libviq2rt.a(iq2_apijump.c.o)
                0x0000000020011970                vexTaskAdd
 .text.vexTaskCheckTimeslice
                0x000000002001197c        0xc /Users/mrbuzhaoji/Library/Application Support/Code/User/globalStorage/vexrobotics.vexcode/sdk/cpp/IQ2/IQ2_20250520_15_00_00/vexiq2/libviq2rt.a(iq2_apijump.c.o)
                0x000000002001197c                vexTaskCheckTimeslice
 .text.vexTaskSleep
                0x0000000020011988        0xc /Users/mrbuzhaoji/Library/Application Support/Code/User/globalStorage/vexrobotics.vexcode/sdk/cpp/IQ2/IQ2_20250520_15_00_00/vexiq2/libviq2rt.a(iq2_apijump.c.o)
                0x0000000020011988                vexTaskSleep
 .text.vexTasksDump
                0x0000000020011994       0x18 /Users/mrbuzhaoji/Library/Application Support/Code/User/globalStorage/vexrobotics.vexcode/sdk/cpp/IQ2/IQ2_20250520_15_00_00/vexiq2/libviq2rt.a(iq2_apijump.c.o)
                0x0000000020011994                vexTasksDump
 .text.vexTaskGetTaskIndex
                0x00000000200119ac        0xc /Users/mrbuzhaoji/Library/Application Support/Code/User/globalStorage/vexrobotics.vexcode/sdk/cpp/IQ2/IQ2_20250520_15_00_00/vexiq2/libviq2rt.a(iq2_apijump.c.o)
                0x00000000200119ac                vexTaskGetTaskIndex
 .text.vexTaskCompletionIdSet
                0x00000000200119b8        0xc /Users/mrbuzhaoji/Library/Application Support/Code/User/globalStorage/vexrobotics.vexcode/sdk/cpp/IQ2/IQ2_20250520_15_00_00/vexiq2/libviq2rt.a(iq2_apijump.c.o)
                0x00000000200119b8                vexTaskCompletionIdSet
 .text.vexCriticalSection
                0x00000000200119c4        0xc /Users/mrbuzhaoji/Library/Application Support/Code/User/globalStorage/vexrobotics.vexcode/sdk/cpp/IQ2/IQ2_20250520_15_00_00/vexiq2/libviq2rt.a(iq2_apijump.c.o)
                0x00000000200119c4                vexCriticalSection
 .text.vexDisplayContextSwitch
                0x00000000200119d0        0xc /Users/mrbuzhaoji/Library/Application Support/Code/User/globalStorage/vexrobotics.vexcode/sdk/cpp/IQ2/IQ2_20250520_15_00_00/vexiq2/libviq2rt.a(iq2_apijump.c.o)
                0x00000000200119d0                vexDisplayContextSwitch
 .text.vexEventUserIndexGet
                0x00000000200119dc       0x18 /Users/mrbuzhaoji/Library/Application Support/Code/User/globalStorage/vexrobotics.vexcode/sdk/cpp/IQ2/IQ2_20250520_15_00_00/vexiq2/libviq2rt.a(iq2_apijump.c.o)
                0x00000000200119dc                vexEventUserIndexGet
 .text.vexDebug
                0x00000000200119f4       0x2c /Users/mrbuzhaoji/Library/Application Support/Code/User/globalStorage/vexrobotics.vexcode/sdk/cpp/IQ2/IQ2_20250520_15_00_00/vexiq2/libviq2rt.a(iq2_apijump.c.o)
                0x00000000200119f4                vexDebug
 .text.vex_sprintf
                0x0000000020011a20       0x30 /Users/mrbuzhaoji/Library/Application Support/Code/User/globalStorage/vexrobotics.vexcode/sdk/cpp/IQ2/IQ2_20250520_15_00_00/vexiq2/libviq2rt.a(iq2_apijump.c.o)
                0x0000000020011a20                vex_sprintf
 .text.vexSystemTimeGet
                0x0000000020011a50       0x18 /Users/mrbuzhaoji/Library/Application Support/Code/User/globalStorage/vexrobotics.vexcode/sdk/cpp/IQ2/IQ2_20250520_15_00_00/vexiq2/libviq2rt.a(iq2_apijump.c.o)
                0x0000000020011a50                vexSystemTimeGet
 .text.vexDeviceGetByIndex
                0x0000000020011a68       0x1c /Users/mrbuzhaoji/Library/Application Support/Code/User/globalStorage/vexrobotics.vexcode/sdk/cpp/IQ2/IQ2_20250520_15_00_00/vexiq2/libviq2rt.a(iq2_apijump.c.o)
                0x0000000020011a68                vexDeviceGetByIndex
 .text.vexTouchledValueGet
                0x0000000020011a84       0x1c /Users/mrbuzhaoji/Library/Application Support/Code/User/globalStorage/vexrobotics.vexcode/sdk/cpp/IQ2/IQ2_20250520_15_00_00/vexiq2/libviq2rt.a(iq2_apijump.c.o)
                0x0000000020011a84                vexTouchledValueGet
 .text.vexTouchledRgbSet
                0x0000000020011aa0       0x2c /Users/mrbuzhaoji/Library/Application Support/Code/User/globalStorage/vexrobotics.vexcode/sdk/cpp/IQ2/IQ2_20250520_15_00_00/vexiq2/libviq2rt.a(iq2_apijump.c.o)
                0x0000000020011aa0                vexTouchledRgbSet
 .text.vexTouchledOn
                0x0000000020011acc       0x1c /Users/mrbuzhaoji/Library/Application Support/Code/User/globalStorage/vexrobotics.vexcode/sdk/cpp/IQ2/IQ2_20250520_15_00_00/vexiq2/libviq2rt.a(iq2_apijump.c.o)
                0x0000000020011acc                vexTouchledOn
 .text.vexTouchledBrightnessSet
                0x0000000020011ae8       0x20 /Users/mrbuzhaoji/Library/Application Support/Code/User/globalStorage/vexrobotics.vexcode/sdk/cpp/IQ2/IQ2_20250520_15_00_00/vexiq2/libviq2rt.a(iq2_apijump.c.o)
                0x0000000020011ae8                vexTouchledBrightnessSet
 .text.vexMotorVelocitySet
                0x0000000020011b08       0x20 /Users/mrbuzhaoji/Library/Application Support/Code/User/globalStorage/vexrobotics.vexcode/sdk/cpp/IQ2/IQ2_20250520_15_00_00/vexiq2/libviq2rt.a(iq2_apijump.c.o)
                0x0000000020011b08                vexMotorVelocitySet
 .text.vexMotorActualVelocityGet
                0x0000000020011b28       0x1c /Users/mrbuzhaoji/Library/Application Support/Code/User/globalStorage/vexrobotics.vexcode/sdk/cpp/IQ2/IQ2_20250520_15_00_00/vexiq2/libviq2rt.a(iq2_apijump.c.o)
                0x0000000020011b28                vexMotorActualVelocityGet
 .text.vexMotorModeGet
                0x0000000020011b44       0x1c /Users/mrbuzhaoji/Library/Application Support/Code/User/globalStorage/vexrobotics.vexcode/sdk/cpp/IQ2/IQ2_20250520_15_00_00/vexiq2/libviq2rt.a(iq2_apijump.c.o)
                0x0000000020011b44                vexMotorModeGet
 .text.vexMotorZeroPositionFlagGet
                0x0000000020011b60       0x1c /Users/mrbuzhaoji/Library/Application Support/Code/User/globalStorage/vexrobotics.vexcode/sdk/cpp/IQ2/IQ2_20250520_15_00_00/vexiq2/libviq2rt.a(iq2_apijump.c.o)
                0x0000000020011b60                vexMotorZeroPositionFlagGet
 .text.vexMotorReverseFlagSet
                0x0000000020011b7c       0x20 /Users/mrbuzhaoji/Library/Application Support/Code/User/globalStorage/vexrobotics.vexcode/sdk/cpp/IQ2/IQ2_20250520_15_00_00/vexiq2/libviq2rt.a(iq2_apijump.c.o)
                0x0000000020011b7c                vexMotorReverseFlagSet
 .text.vexMotorEncoderUnitsSet
                0x0000000020011b9c       0x20 /Users/mrbuzhaoji/Library/Application Support/Code/User/globalStorage/vexrobotics.vexcode/sdk/cpp/IQ2/IQ2_20250520_15_00_00/vexiq2/libviq2rt.a(iq2_apijump.c.o)
                0x0000000020011b9c                vexMotorEncoderUnitsSet
 .text.vexMotorBrakeModeSet
                0x0000000020011bbc       0x20 /Users/mrbuzhaoji/Library/Application Support/Code/User/globalStorage/vexrobotics.vexcode/sdk/cpp/IQ2/IQ2_20250520_15_00_00/vexiq2/libviq2rt.a(iq2_apijump.c.o)
                0x0000000020011bbc                vexMotorBrakeModeSet
 .text.vexMotorPositionSet
                0x0000000020011bdc       0x34 /Users/mrbuzhaoji/Library/Application Support/Code/User/globalStorage/vexrobotics.vexcode/sdk/cpp/IQ2/IQ2_20250520_15_00_00/vexiq2/libviq2rt.a(iq2_apijump.c.o)
                0x0000000020011bdc                vexMotorPositionSet
 .text.vexMotorPositionGet
                0x0000000020011c10       0x1c /Users/mrbuzhaoji/Library/Application Support/Code/User/globalStorage/vexrobotics.vexcode/sdk/cpp/IQ2/IQ2_20250520_15_00_00/vexiq2/libviq2rt.a(iq2_apijump.c.o)
                0x0000000020011c10                vexMotorPositionGet
 .text.vexMotorAbsoluteTargetSet
                0x0000000020011c2c       0x38 /Users/mrbuzhaoji/Library/Application Support/Code/User/globalStorage/vexrobotics.vexcode/sdk/cpp/IQ2/IQ2_20250520_15_00_00/vexiq2/libviq2rt.a(iq2_apijump.c.o)
                0x0000000020011c2c                vexMotorAbsoluteTargetSet
 .text.vexImuReset
                0x0000000020011c64       0x1c /Users/mrbuzhaoji/Library/Application Support/Code/User/globalStorage/vexrobotics.vexcode/sdk/cpp/IQ2/IQ2_20250520_15_00_00/vexiq2/libviq2rt.a(iq2_apijump.c.o)
                0x0000000020011c64                vexImuReset
 .text.vexImuHeadingGet
                0x0000000020011c80       0x1c /Users/mrbuzhaoji/Library/Application Support/Code/User/globalStorage/vexrobotics.vexcode/sdk/cpp/IQ2/IQ2_20250520_15_00_00/vexiq2/libviq2rt.a(iq2_apijump.c.o)
                0x0000000020011c80                vexImuHeadingGet
 .text.vexImuDegreesGet
                0x0000000020011c9c       0x1c /Users/mrbuzhaoji/Library/Application Support/Code/User/globalStorage/vexrobotics.vexcode/sdk/cpp/IQ2/IQ2_20250520_15_00_00/vexiq2/libviq2rt.a(iq2_apijump.c.o)
                0x0000000020011c9c                vexImuDegreesGet
 .text.vexImuStatusGet
                0x0000000020011cb8       0x1c /Users/mrbuzhaoji/Library/Application Support/Code/User/globalStorage/vexrobotics.vexcode/sdk/cpp/IQ2/IQ2_20250520_15_00_00/vexiq2/libviq2rt.a(iq2_apijump.c.o)
                0x0000000020011cb8                vexImuStatusGet
 .text.vexDistanceDistanceGet
                0x0000000020011cd4       0x1c /Users/mrbuzhaoji/Library/Application Support/Code/User/globalStorage/vexrobotics.vexcode/sdk/cpp/IQ2/IQ2_20250520_15_00_00/vexiq2/libviq2rt.a(iq2_apijump.c.o)
                0x0000000020011cd4                vexDistanceDistanceGet
 .text.vexOpticalHueGet
                0x0000000020011cf0       0x1c /Users/mrbuzhaoji/Library/Application Support/Code/User/globalStorage/vexrobotics.vexcode/sdk/cpp/IQ2/IQ2_20250520_15_00_00/vexiq2/libviq2rt.a(iq2_apijump.c.o)
                0x0000000020011cf0                vexOpticalHueGet
 .text.vexOpticalGestureEnable
                0x0000000020011d0c       0x1c /Users/mrbuzhaoji/Library/Application Support/Code/User/globalStorage/vexrobotics.vexcode/sdk/cpp/IQ2/IQ2_20250520_15_00_00/vexiq2/libviq2rt.a(iq2_apijump.c.o)
                0x0000000020011d0c                vexOpticalGestureEnable
 .text.vexOpticalGestureDisable
                0x0000000020011d28       0x1c /Users/mrbuzhaoji/Library/Application Support/Code/User/globalStorage/vexrobotics.vexcode/sdk/cpp/IQ2/IQ2_20250520_15_00_00/vexiq2/libviq2rt.a(iq2_apijump.c.o)
                0x0000000020011d28                vexOpticalGestureDisable
 .text.vexOpticalProximityThreshold
                0x0000000020011d44       0x20 /Users/mrbuzhaoji/Library/Application Support/Code/User/globalStorage/vexrobotics.vexcode/sdk/cpp/IQ2/IQ2_20250520_15_00_00/vexiq2/libviq2rt.a(iq2_apijump.c.o)
                0x0000000020011d44                vexOpticalProximityThreshold
 .text.vexSoundPlayTone
                0x0000000020011d64       0x24 /Users/mrbuzhaoji/Library/Application Support/Code/User/globalStorage/vexrobotics.vexcode/sdk/cpp/IQ2/IQ2_20250520_15_00_00/vexiq2/libviq2rt.a(iq2_apijump.c.o)
                0x0000000020011d64                vexSoundPlayTone
 .text.vexPneumaticCompressorSet
                0x0000000020011d88       0x20 /Users/mrbuzhaoji/Library/Application Support/Code/User/globalStorage/vexrobotics.vexcode/sdk/cpp/IQ2/IQ2_20250520_15_00_00/vexiq2/libviq2rt.a(iq2_apijump.c.o)
                0x0000000020011d88                vexPneumaticCompressorSet
 .text.vexPneumaticCylinderSet
                0x0000000020011da8       0x24 /Users/mrbuzhaoji/Library/Application Support/Code/User/globalStorage/vexrobotics.vexcode/sdk/cpp/IQ2/IQ2_20250520_15_00_00/vexiq2/libviq2rt.a(iq2_apijump.c.o)
                0x0000000020011da8                vexPneumaticCylinderSet
 .text.vexDisplayForegroundColor
                0x0000000020011dcc       0x1c /Users/mrbuzhaoji/Library/Application Support/Code/User/globalStorage/vexrobotics.vexcode/sdk/cpp/IQ2/IQ2_20250520_15_00_00/vexiq2/libviq2rt.a(iq2_apijump.c.o)
                0x0000000020011dcc                vexDisplayForegroundColor
 .text.vexDisplayBackgroundColor
                0x0000000020011de8       0x1c /Users/mrbuzhaoji/Library/Application Support/Code/User/globalStorage/vexrobotics.vexcode/sdk/cpp/IQ2/IQ2_20250520_15_00_00/vexiq2/libviq2rt.a(iq2_apijump.c.o)
                0x0000000020011de8                vexDisplayBackgroundColor
 .text.vexDisplayTextSize
                0x0000000020011e04       0x20 /Users/mrbuzhaoji/Library/Application Support/Code/User/globalStorage/vexrobotics.vexcode/sdk/cpp/IQ2/IQ2_20250520_15_00_00/vexiq2/libviq2rt.a(iq2_apijump.c.o)
                0x0000000020011e04                vexDisplayTextSize
 .text.vexDisplayFontNamedSet
                0x0000000020011e24       0x1c /Users/mrbuzhaoji/Library/Application Support/Code/User/globalStorage/vexrobotics.vexcode/sdk/cpp/IQ2/IQ2_20250520_15_00_00/vexiq2/libviq2rt.a(iq2_apijump.c.o)
                0x0000000020011e24                vexDisplayFontNamedSet
 .text.vexSystemVersion
                0x0000000020011e40        0xc /Users/mrbuzhaoji/Library/Application Support/Code/User/globalStorage/vexrobotics.vexcode/sdk/cpp/IQ2/IQ2_20250520_15_00_00/vexiq2/libviq2rt.a(iq2_apiversions.c.o)
                0x0000000020011e40                vexSystemVersion
 .text._ZN3vex4waitEdNS_9timeUnitsE
                0x0000000020011e4c       0x3c /Users/mrbuzhaoji/Library/Application Support/Code/User/globalStorage/vexrobotics.vexcode/sdk/cpp/IQ2/IQ2_20250520_15_00_00/vexiq2/libviq2rt.a(vex_global.cpp.o)
                0x0000000020011e4c                vex::wait(double, vex::timeUnits)
 .text._ZN3vex5colorD2Ev
                0x0000000020011e88        0x2 /Users/mrbuzhaoji/Library/Application Support/Code/User/globalStorage/vexrobotics.vexcode/sdk/cpp/IQ2/IQ2_20250520_15_00_00/vexiq2/libviq2rt.a(vex_color.cpp.o)
                0x0000000020011e88                vex::color::~color()
                0x0000000020011e88                vex::color::~color()
 .text._ZNK3vex5color3rgbEv
                0x0000000020011e8a        0x4 /Users/mrbuzhaoji/Library/Application Support/Code/User/globalStorage/vexrobotics.vexcode/sdk/cpp/IQ2/IQ2_20250520_15_00_00/vexiq2/libviq2rt.a(vex_color.cpp.o)
                0x0000000020011e8a                vex::color::rgb() const
 *fill*         0x0000000020011e8e        0x2 
 .text.startup._GLOBAL__sub_I__ZN3vex5color5blackE
                0x0000000020011e90      0x18c /Users/mrbuzhaoji/Library/Application Support/Code/User/globalStorage/vexrobotics.vexcode/sdk/cpp/IQ2/IQ2_20250520_15_00_00/vexiq2/libviq2rt.a(vex_color.cpp.o)
 .text._ZN3vex4taskC2EPFivE
                0x000000002001201c       0x38 /Users/mrbuzhaoji/Library/Application Support/Code/User/globalStorage/vexrobotics.vexcode/sdk/cpp/IQ2/IQ2_20250520_15_00_00/vexiq2/libviq2rt.a(vex_task.cpp.o)
                0x000000002001201c                vex::task::task(int (*)())
                0x000000002001201c                vex::task::task(int (*)())
 .text._ZN3vex11this_thread9sleep_forEm
                0x0000000020012054        0x4 /Users/mrbuzhaoji/Library/Application Support/Code/User/globalStorage/vexrobotics.vexcode/sdk/cpp/IQ2/IQ2_20250520_15_00_00/vexiq2/libviq2rt.a(vex_thread.cpp.o)
                0x0000000020012054                vex::this_thread::sleep_for(unsigned long)
 .text._ZN3vex5brainD2Ev
                0x0000000020012058        0xe /Users/mrbuzhaoji/Library/Application Support/Code/User/globalStorage/vexrobotics.vexcode/sdk/cpp/IQ2/IQ2_20250520_15_00_00/vexiq2/libviq2rt.a(vex_brain.cpp.o)
                0x0000000020012058                vex::brain::~brain()
                0x0000000020012058                vex::brain::~brain()
 .text._ZN3vex5brain3lcd9setCursorEll
                0x0000000020012066       0x40 /Users/mrbuzhaoji/Library/Application Support/Code/User/globalStorage/vexrobotics.vexcode/sdk/cpp/IQ2/IQ2_20250520_15_00_00/vexiq2/libviq2rt.a(vex_brain.cpp.o)
                0x0000000020012066                vex::brain::lcd::setCursor(long, long)
 *fill*         0x00000000200120a6        0x2 
 .text._ZN3vex5brain3lcd7setFontENS_8fontTypeE
                0x00000000200120a8      0x144 /Users/mrbuzhaoji/Library/Application Support/Code/User/globalStorage/vexrobotics.vexcode/sdk/cpp/IQ2/IQ2_20250520_15_00_00/vexiq2/libviq2rt.a(vex_brain.cpp.o)
                0x00000000200120a8                vex::brain::lcd::setFont(vex::fontType)
 .text._ZN3vex5brain3lcdC2Ev
                0x00000000200121ec       0x34 /Users/mrbuzhaoji/Library/Application Support/Code/User/globalStorage/vexrobotics.vexcode/sdk/cpp/IQ2/IQ2_20250520_15_00_00/vexiq2/libviq2rt.a(vex_brain.cpp.o)
                0x00000000200121ec                vex::brain::lcd::lcd()
                0x00000000200121ec                vex::brain::lcd::lcd()
 .text._ZN3vex5brainC2Ev
                0x0000000020012220       0x32 /Users/mrbuzhaoji/Library/Application Support/Code/User/globalStorage/vexrobotics.vexcode/sdk/cpp/IQ2/IQ2_20250520_15_00_00/vexiq2/libviq2rt.a(vex_brain.cpp.o)
                0x0000000020012220                vex::brain::brain()
                0x0000000020012220                vex::brain::brain()
 *fill*         0x0000000020012252        0x2 
 .text._ZN3vex5brain8playNoteEll
                0x0000000020012254       0x2c /Users/mrbuzhaoji/Library/Application Support/Code/User/globalStorage/vexrobotics.vexcode/sdk/cpp/IQ2/IQ2_20250520_15_00_00/vexiq2/libviq2rt.a(vex_brain.cpp.o)
                0x0000000020012254                vex::brain::playNote(long, long)
 .text._ZN3vex5brain8soundOffEv
                0x0000000020012280        0xa /Users/mrbuzhaoji/Library/Application Support/Code/User/globalStorage/vexrobotics.vexcode/sdk/cpp/IQ2/IQ2_20250520_15_00_00/vexiq2/libviq2rt.a(vex_brain.cpp.o)
                0x0000000020012280                vex::brain::soundOff()
 .text._ZN3vex5brain8playNoteElll
                0x000000002001228a       0x1c /Users/mrbuzhaoji/Library/Application Support/Code/User/globalStorage/vexrobotics.vexcode/sdk/cpp/IQ2/IQ2_20250520_15_00_00/vexiq2/libviq2rt.a(vex_brain.cpp.o)
                0x000000002001228a                vex::brain::playNote(long, long, long)
 .text._ZN3vex5timerD2Ev
                0x00000000200122a6        0x2 /Users/mrbuzhaoji/Library/Application Support/Code/User/globalStorage/vexrobotics.vexcode/sdk/cpp/IQ2/IQ2_20250520_15_00_00/vexiq2/libviq2rt.a(vex_timer.cpp.o)
                0x00000000200122a6                vex::timer::~timer()
                0x00000000200122a6                vex::timer::~timer()
 .text._ZN3vex5timer5clearEv
                0x00000000200122a8       0x10 /Users/mrbuzhaoji/Library/Application Support/Code/User/globalStorage/vexrobotics.vexcode/sdk/cpp/IQ2/IQ2_20250520_15_00_00/vexiq2/libviq2rt.a(vex_timer.cpp.o)
                0x00000000200122a8                vex::timer::clear()
 .text._ZN3vex5timerC2Ev
                0x00000000200122b8        0xc /Users/mrbuzhaoji/Library/Application Support/Code/User/globalStorage/vexrobotics.vexcode/sdk/cpp/IQ2/IQ2_20250520_15_00_00/vexiq2/libviq2rt.a(vex_timer.cpp.o)
                0x00000000200122b8                vex::timer::timer()
                0x00000000200122b8                vex::timer::timer()
 .text._ZN3vex5timer5resetEv
                0x00000000200122c4        0x4 /Users/mrbuzhaoji/Library/Application Support/Code/User/globalStorage/vexrobotics.vexcode/sdk/cpp/IQ2/IQ2_20250520_15_00_00/vexiq2/libviq2rt.a(vex_timer.cpp.o)
                0x00000000200122c4                vex::timer::reset()
 .text._ZNK3vex5timer4timeENS_9timeUnitsE
                0x00000000200122c8       0x30 /Users/mrbuzhaoji/Library/Application Support/Code/User/globalStorage/vexrobotics.vexcode/sdk/cpp/IQ2/IQ2_20250520_15_00_00/vexiq2/libviq2rt.a(vex_timer.cpp.o)
                0x00000000200122c8                vex::timer::time(vex::timeUnits) const
 .text._ZNK3vex5timer5valueEv
                0x00000000200122f8        0x6 /Users/mrbuzhaoji/Library/Application Support/Code/User/globalStorage/vexrobotics.vexcode/sdk/cpp/IQ2/IQ2_20250520_15_00_00/vexiq2/libviq2rt.a(vex_timer.cpp.o)
                0x00000000200122f8                vex::timer::value() const
 .text._ZN3vex5motor9installedEv
                0x00000000200122fe        0xe /Users/mrbuzhaoji/Library/Application Support/Code/User/globalStorage/vexrobotics.vexcode/sdk/cpp/IQ2/IQ2_20250520_15_00_00/vexiq2/libviq2rt.a(vex_motor.cpp.o)
                0x00000000200122fe                vex::motor::installed()
 .text._ZN3vex5motorD2Ev
                0x000000002001230c       0x14 /Users/mrbuzhaoji/Library/Application Support/Code/User/globalStorage/vexrobotics.vexcode/sdk/cpp/IQ2/IQ2_20250520_15_00_00/vexiq2/libviq2rt.a(vex_motor.cpp.o)
                0x000000002001230c                vex::motor::~motor()
                0x000000002001230c                vex::motor::~motor()
 .text._ZN3vex5motor15defaultStoppingENS_9brakeTypeE
                0x0000000020012320       0x1a /Users/mrbuzhaoji/Library/Application Support/Code/User/globalStorage/vexrobotics.vexcode/sdk/cpp/IQ2/IQ2_20250520_15_00_00/vexiq2/libviq2rt.a(vex_motor.cpp.o)
                0x0000000020012320                vex::motor::defaultStopping(vex::brakeType)
 .text._ZN3vex5motor11setStoppingENS_9brakeTypeE
                0x000000002001233a        0x4 /Users/mrbuzhaoji/Library/Application Support/Code/User/globalStorage/vexrobotics.vexcode/sdk/cpp/IQ2/IQ2_20250520_15_00_00/vexiq2/libviq2rt.a(vex_motor.cpp.o)
                0x000000002001233a                vex::motor::setStopping(vex::brakeType)
 *fill*         0x000000002001233e        0x2 
 .text._ZN3vex5motorC2El
                0x0000000020012340       0x60 /Users/mrbuzhaoji/Library/Application Support/Code/User/globalStorage/vexrobotics.vexcode/sdk/cpp/IQ2/IQ2_20250520_15_00_00/vexiq2/libviq2rt.a(vex_motor.cpp.o)
                0x0000000020012340                vex::motor::motor(long)
                0x0000000020012340                vex::motor::motor(long)
 .text._ZN3vex5motorC2Elb
                0x00000000200123a0       0x16 /Users/mrbuzhaoji/Library/Application Support/Code/User/globalStorage/vexrobotics.vexcode/sdk/cpp/IQ2/IQ2_20250520_15_00_00/vexiq2/libviq2rt.a(vex_motor.cpp.o)
                0x00000000200123a0                vex::motor::motor(long, bool)
                0x00000000200123a0                vex::motor::motor(long, bool)
 .text._ZN3vex5motor14isSpinningModeEv
                0x00000000200123b6       0x16 /Users/mrbuzhaoji/Library/Application Support/Code/User/globalStorage/vexrobotics.vexcode/sdk/cpp/IQ2/IQ2_20250520_15_00_00/vexiq2/libviq2rt.a(vex_motor.cpp.o)
                0x00000000200123b6                vex::motor::isSpinningMode()
 .text._ZN3vex5motor10isSpinningEv
                0x00000000200123cc       0x20 /Users/mrbuzhaoji/Library/Application Support/Code/User/globalStorage/vexrobotics.vexcode/sdk/cpp/IQ2/IQ2_20250520_15_00_00/vexiq2/libviq2rt.a(vex_motor.cpp.o)
                0x00000000200123cc                vex::motor::isSpinning()
 .text._ZN3vex5motor4stopENS_9brakeTypeE
                0x00000000200123ec       0x1e /Users/mrbuzhaoji/Library/Application Support/Code/User/globalStorage/vexrobotics.vexcode/sdk/cpp/IQ2/IQ2_20250520_15_00_00/vexiq2/libviq2rt.a(vex_motor.cpp.o)
                0x00000000200123ec                vex::motor::stop(vex::brakeType)
 .text._ZN3vex5motor4stopEv
                0x000000002001240a        0x6 /Users/mrbuzhaoji/Library/Application Support/Code/User/globalStorage/vexrobotics.vexcode/sdk/cpp/IQ2/IQ2_20250520_15_00_00/vexiq2/libviq2rt.a(vex_motor.cpp.o)
                0x000000002001240a                vex::motor::stop()
 .text._ZN3vex5motor16velocityToScaledEdNS_13velocityUnitsE
                0x0000000020012410       0x70 /Users/mrbuzhaoji/Library/Application Support/Code/User/globalStorage/vexrobotics.vexcode/sdk/cpp/IQ2/IQ2_20250520_15_00_00/vexiq2/libviq2rt.a(vex_motor.cpp.o)
                0x0000000020012410                vex::motor::velocityToScaled(double, vex::velocityUnits)
 .text._ZN3vex5motor8velocityENS_13velocityUnitsE
                0x0000000020012480       0x18 /Users/mrbuzhaoji/Library/Application Support/Code/User/globalStorage/vexrobotics.vexcode/sdk/cpp/IQ2/IQ2_20250520_15_00_00/vexiq2/libviq2rt.a(vex_motor.cpp.o)
                0x0000000020012480                vex::motor::velocity(vex::velocityUnits)
 .text._ZN3vex5motor5valueEv
                0x0000000020012498       0x12 /Users/mrbuzhaoji/Library/Application Support/Code/User/globalStorage/vexrobotics.vexcode/sdk/cpp/IQ2/IQ2_20250520_15_00_00/vexiq2/libviq2rt.a(vex_motor.cpp.o)
                0x0000000020012498                vex::motor::value()
 *fill*         0x00000000200124aa        0x6 
 .text._ZN3vex5motor16scaledToVelocityEdNS_13velocityUnitsE
                0x00000000200124b0       0x74 /Users/mrbuzhaoji/Library/Application Support/Code/User/globalStorage/vexrobotics.vexcode/sdk/cpp/IQ2/IQ2_20250520_15_00_00/vexiq2/libviq2rt.a(vex_motor.cpp.o)
                0x00000000200124b0                vex::motor::scaledToVelocity(double, vex::velocityUnits)
 .text._ZN3vex5motor4spinENS_13directionTypeEdNS_13velocityUnitsE
                0x0000000020012524       0x32 /Users/mrbuzhaoji/Library/Application Support/Code/User/globalStorage/vexrobotics.vexcode/sdk/cpp/IQ2/IQ2_20250520_15_00_00/vexiq2/libviq2rt.a(vex_motor.cpp.o)
                0x0000000020012524                vex::motor::spin(vex::directionType, double, vex::velocityUnits)
 .text._ZN3vex5motor11setVelocityEdNS_13velocityUnitsE
                0x0000000020012556       0x54 /Users/mrbuzhaoji/Library/Application Support/Code/User/globalStorage/vexrobotics.vexcode/sdk/cpp/IQ2/IQ2_20250520_15_00_00/vexiq2/libviq2rt.a(vex_motor.cpp.o)
                0x0000000020012556                vex::motor::setVelocity(double, vex::velocityUnits)
 .text._ZN3vex5motor16setRotationUnitsENS_13rotationUnitsE
                0x00000000200125aa       0x12 /Users/mrbuzhaoji/Library/Application Support/Code/User/globalStorage/vexrobotics.vexcode/sdk/cpp/IQ2/IQ2_20250520_15_00_00/vexiq2/libviq2rt.a(vex_motor.cpp.o)
                0x00000000200125aa                vex::motor::setRotationUnits(vex::rotationUnits)
 .text._ZN3vex5motor11setPositionEdNS_13rotationUnitsE
                0x00000000200125bc       0x3e /Users/mrbuzhaoji/Library/Application Support/Code/User/globalStorage/vexrobotics.vexcode/sdk/cpp/IQ2/IQ2_20250520_15_00_00/vexiq2/libviq2rt.a(vex_motor.cpp.o)
                0x00000000200125bc                vex::motor::setPosition(double, vex::rotationUnits)
 .text._ZN3vex5motor6spinToEdNS_13rotationUnitsEdNS_13velocityUnitsEb
                0x00000000200125fa       0xc0 /Users/mrbuzhaoji/Library/Application Support/Code/User/globalStorage/vexrobotics.vexcode/sdk/cpp/IQ2/IQ2_20250520_15_00_00/vexiq2/libviq2rt.a(vex_motor.cpp.o)
                0x00000000200125fa                vex::motor::spinTo(double, vex::rotationUnits, double, vex::velocityUnits, bool)
 .text._ZN3vex5motor6spinToEdNS_13rotationUnitsEb
                0x00000000200126ba       0x3a /Users/mrbuzhaoji/Library/Application Support/Code/User/globalStorage/vexrobotics.vexcode/sdk/cpp/IQ2/IQ2_20250520_15_00_00/vexiq2/libviq2rt.a(vex_motor.cpp.o)
                0x00000000200126ba                vex::motor::spinTo(double, vex::rotationUnits, bool)
 .text._ZN3vex5motor8positionENS_13rotationUnitsE
                0x00000000200126f4       0x3c /Users/mrbuzhaoji/Library/Application Support/Code/User/globalStorage/vexrobotics.vexcode/sdk/cpp/IQ2/IQ2_20250520_15_00_00/vexiq2/libviq2rt.a(vex_motor.cpp.o)
                0x00000000200126f4                vex::motor::position(vex::rotationUnits)
 .text._ZN3vex8touchled9installedEv
                0x0000000020012730        0xe /Users/mrbuzhaoji/Library/Application Support/Code/User/globalStorage/vexrobotics.vexcode/sdk/cpp/IQ2/IQ2_20250520_15_00_00/vexiq2/libviq2rt.a(vex_touchled.cpp.o)
                0x0000000020012730                vex::touchled::installed()
 *fill*         0x000000002001273e        0x2 
 .text._ZN3vex8touchledC2El
                0x0000000020012740       0x28 /Users/mrbuzhaoji/Library/Application Support/Code/User/globalStorage/vexrobotics.vexcode/sdk/cpp/IQ2/IQ2_20250520_15_00_00/vexiq2/libviq2rt.a(vex_touchled.cpp.o)
                0x0000000020012740                vex::touchled::touchled(long)
                0x0000000020012740                vex::touchled::touchled(long)
 .text._ZN3vex8touchledD2Ev
                0x0000000020012768       0x14 /Users/mrbuzhaoji/Library/Application Support/Code/User/globalStorage/vexrobotics.vexcode/sdk/cpp/IQ2/IQ2_20250520_15_00_00/vexiq2/libviq2rt.a(vex_touchled.cpp.o)
                0x0000000020012768                vex::touchled::~touchled()
                0x0000000020012768                vex::touchled::~touchled()
 .text._ZN3vex8touchled8pressingEv
                0x000000002001277c       0x10 /Users/mrbuzhaoji/Library/Application Support/Code/User/globalStorage/vexrobotics.vexcode/sdk/cpp/IQ2/IQ2_20250520_15_00_00/vexiq2/libviq2rt.a(vex_touchled.cpp.o)
                0x000000002001277c                vex::touchled::pressing()
 .text._ZN3vex8touchled5valueEv
                0x000000002001278c        0x8 /Users/mrbuzhaoji/Library/Application Support/Code/User/globalStorage/vexrobotics.vexcode/sdk/cpp/IQ2/IQ2_20250520_15_00_00/vexiq2/libviq2rt.a(vex_touchled.cpp.o)
                0x000000002001278c                vex::touchled::value()
 .text._ZN3vex8touchled14_setBrightnessEm
                0x0000000020012794       0x22 /Users/mrbuzhaoji/Library/Application Support/Code/User/globalStorage/vexrobotics.vexcode/sdk/cpp/IQ2/IQ2_20250520_15_00_00/vexiq2/libviq2rt.a(vex_touchled.cpp.o)
                0x0000000020012794                vex::touchled::_setBrightness(unsigned long)
 .text._ZN3vex8touchled9_setColorEm
                0x00000000200127b6       0x2c /Users/mrbuzhaoji/Library/Application Support/Code/User/globalStorage/vexrobotics.vexcode/sdk/cpp/IQ2/IQ2_20250520_15_00_00/vexiq2/libviq2rt.a(vex_touchled.cpp.o)
                0x00000000200127b6                vex::touchled::_setColor(unsigned long)
 .text._ZN3vex8touchled8setColorENS_5colorE
                0x00000000200127e2       0x2e /Users/mrbuzhaoji/Library/Application Support/Code/User/globalStorage/vexrobotics.vexcode/sdk/cpp/IQ2/IQ2_20250520_15_00_00/vexiq2/libviq2rt.a(vex_touchled.cpp.o)
                0x00000000200127e2                vex::touchled::setColor(vex::color)
 .text._ZN3vex8inertial11getTurnTypeEv
                0x0000000020012810        0x4 /Users/mrbuzhaoji/Library/Application Support/Code/User/globalStorage/vexrobotics.vexcode/sdk/cpp/IQ2/IQ2_20250520_15_00_00/vexiq2/libviq2rt.a(vex_imu.cpp.o)
                0x0000000020012810                vex::inertial::getTurnType()
 .text._ZThn20_N3vex8inertial11getTurnTypeEv
                0x0000000020012814        0x8 /Users/mrbuzhaoji/Library/Application Support/Code/User/globalStorage/vexrobotics.vexcode/sdk/cpp/IQ2/IQ2_20250520_15_00_00/vexiq2/libviq2rt.a(vex_imu.cpp.o)
                0x0000000020012814                non-virtual thunk to vex::inertial::getTurnType()
 .text._ZN3vex8inertial10setHeadingEdNS_13rotationUnitsE
                0x000000002001281c       0x48 /Users/mrbuzhaoji/Library/Application Support/Code/User/globalStorage/vexrobotics.vexcode/sdk/cpp/IQ2/IQ2_20250520_15_00_00/vexiq2/libviq2rt.a(vex_imu.cpp.o)
                0x000000002001281c                vex::inertial::setHeading(double, vex::rotationUnits)
 .text._ZThn20_N3vex8inertial10setHeadingEdNS_13rotationUnitsE
                0x0000000020012864        0x8 /Users/mrbuzhaoji/Library/Application Support/Code/User/globalStorage/vexrobotics.vexcode/sdk/cpp/IQ2/IQ2_20250520_15_00_00/vexiq2/libviq2rt.a(vex_imu.cpp.o)
                0x0000000020012864                non-virtual thunk to vex::inertial::setHeading(double, vex::rotationUnits)
 .text._ZN3vex8inertial11setRotationEdNS_13rotationUnitsE
                0x000000002001286c       0x48 /Users/mrbuzhaoji/Library/Application Support/Code/User/globalStorage/vexrobotics.vexcode/sdk/cpp/IQ2/IQ2_20250520_15_00_00/vexiq2/libviq2rt.a(vex_imu.cpp.o)
                0x000000002001286c                vex::inertial::setRotation(double, vex::rotationUnits)
 .text._ZThn20_N3vex8inertial11setRotationEdNS_13rotationUnitsE
                0x00000000200128b4        0x8 /Users/mrbuzhaoji/Library/Application Support/Code/User/globalStorage/vexrobotics.vexcode/sdk/cpp/IQ2/IQ2_20250520_15_00_00/vexiq2/libviq2rt.a(vex_imu.cpp.o)
                0x00000000200128b4                non-virtual thunk to vex::inertial::setRotation(double, vex::rotationUnits)
 .text._ZN3vex8inertialD2Ev
                0x00000000200128bc       0x14 /Users/mrbuzhaoji/Library/Application Support/Code/User/globalStorage/vexrobotics.vexcode/sdk/cpp/IQ2/IQ2_20250520_15_00_00/vexiq2/libviq2rt.a(vex_imu.cpp.o)
                0x00000000200128bc                vex::inertial::~inertial()
                0x00000000200128bc                vex::inertial::~inertial()
 .text._ZThn20_N3vex8inertialD1Ev
                0x00000000200128d0        0x8 /Users/mrbuzhaoji/Library/Application Support/Code/User/globalStorage/vexrobotics.vexcode/sdk/cpp/IQ2/IQ2_20250520_15_00_00/vexiq2/libviq2rt.a(vex_imu.cpp.o)
                0x00000000200128d0                non-virtual thunk to vex::inertial::~inertial()
 .text._ZN3vex8inertialD0Ev
                0x00000000200128d8       0x12 /Users/mrbuzhaoji/Library/Application Support/Code/User/globalStorage/vexrobotics.vexcode/sdk/cpp/IQ2/IQ2_20250520_15_00_00/vexiq2/libviq2rt.a(vex_imu.cpp.o)
                0x00000000200128d8                vex::inertial::~inertial()
 .text._ZThn20_N3vex8inertialD0Ev
                0x00000000200128ea        0x8 /Users/mrbuzhaoji/Library/Application Support/Code/User/globalStorage/vexrobotics.vexcode/sdk/cpp/IQ2/IQ2_20250520_15_00_00/vexiq2/libviq2rt.a(vex_imu.cpp.o)
                0x00000000200128ea                non-virtual thunk to vex::inertial::~inertial()
 .text._ZN3vex8inertial9installedEv
                0x00000000200128f2       0x10 /Users/mrbuzhaoji/Library/Application Support/Code/User/globalStorage/vexrobotics.vexcode/sdk/cpp/IQ2/IQ2_20250520_15_00_00/vexiq2/libviq2rt.a(vex_imu.cpp.o)
                0x00000000200128f2                vex::inertial::installed()
 *fill*         0x0000000020012902        0x6 
 .text._ZN3vex8inertial5angleENS_13rotationUnitsE
                0x0000000020012908       0x74 /Users/mrbuzhaoji/Library/Application Support/Code/User/globalStorage/vexrobotics.vexcode/sdk/cpp/IQ2/IQ2_20250520_15_00_00/vexiq2/libviq2rt.a(vex_imu.cpp.o)
                0x0000000020012908                vex::inertial::angle(vex::rotationUnits)
 .text._ZThn20_N3vex8inertial5angleENS_13rotationUnitsE
                0x000000002001297c        0x8 /Users/mrbuzhaoji/Library/Application Support/Code/User/globalStorage/vexrobotics.vexcode/sdk/cpp/IQ2/IQ2_20250520_15_00_00/vexiq2/libviq2rt.a(vex_imu.cpp.o)
                0x000000002001297c                non-virtual thunk to vex::inertial::angle(vex::rotationUnits)
 .text._ZN3vex8inertial7headingENS_13rotationUnitsE
                0x0000000020012984        0x4 /Users/mrbuzhaoji/Library/Application Support/Code/User/globalStorage/vexrobotics.vexcode/sdk/cpp/IQ2/IQ2_20250520_15_00_00/vexiq2/libviq2rt.a(vex_imu.cpp.o)
                0x0000000020012984                vex::inertial::heading(vex::rotationUnits)
 .text._ZThn20_N3vex8inertial7headingENS_13rotationUnitsE
                0x0000000020012988        0x8 /Users/mrbuzhaoji/Library/Application Support/Code/User/globalStorage/vexrobotics.vexcode/sdk/cpp/IQ2/IQ2_20250520_15_00_00/vexiq2/libviq2rt.a(vex_imu.cpp.o)
                0x0000000020012988                non-virtual thunk to vex::inertial::heading(vex::rotationUnits)
 .text._ZN3vex8inertial5valueEv
                0x0000000020012990       0x12 /Users/mrbuzhaoji/Library/Application Support/Code/User/globalStorage/vexrobotics.vexcode/sdk/cpp/IQ2/IQ2_20250520_15_00_00/vexiq2/libviq2rt.a(vex_imu.cpp.o)
                0x0000000020012990                vex::inertial::value()
 *fill*         0x00000000200129a2        0x2 
 .text._ZN3vex8inertial8rotationENS_13rotationUnitsE
                0x00000000200129a4       0x38 /Users/mrbuzhaoji/Library/Application Support/Code/User/globalStorage/vexrobotics.vexcode/sdk/cpp/IQ2/IQ2_20250520_15_00_00/vexiq2/libviq2rt.a(vex_imu.cpp.o)
                0x00000000200129a4                vex::inertial::rotation(vex::rotationUnits)
 .text._ZThn20_N3vex8inertial8rotationENS_13rotationUnitsE
                0x00000000200129dc        0x8 /Users/mrbuzhaoji/Library/Application Support/Code/User/globalStorage/vexrobotics.vexcode/sdk/cpp/IQ2/IQ2_20250520_15_00_00/vexiq2/libviq2rt.a(vex_imu.cpp.o)
                0x00000000200129dc                non-virtual thunk to vex::inertial::rotation(vex::rotationUnits)
 .text._ZN3vex8inertial13isCalibratingEv
                0x00000000200129e4       0x22 /Users/mrbuzhaoji/Library/Application Support/Code/User/globalStorage/vexrobotics.vexcode/sdk/cpp/IQ2/IQ2_20250520_15_00_00/vexiq2/libviq2rt.a(vex_imu.cpp.o)
                0x00000000200129e4                vex::inertial::isCalibrating()
 .text._ZThn20_N3vex8inertial13isCalibratingEv
                0x0000000020012a06        0x8 /Users/mrbuzhaoji/Library/Application Support/Code/User/globalStorage/vexrobotics.vexcode/sdk/cpp/IQ2/IQ2_20250520_15_00_00/vexiq2/libviq2rt.a(vex_imu.cpp.o)
                0x0000000020012a06                non-virtual thunk to vex::inertial::isCalibrating()
 *fill*         0x0000000020012a0e        0x2 
 .text._ZN3vex8inertialC2ElNS_8turnTypeE
                0x0000000020012a10       0x30 /Users/mrbuzhaoji/Library/Application Support/Code/User/globalStorage/vexrobotics.vexcode/sdk/cpp/IQ2/IQ2_20250520_15_00_00/vexiq2/libviq2rt.a(vex_imu.cpp.o)
                0x0000000020012a10                vex::inertial::inertial(long, vex::turnType)
                0x0000000020012a10                vex::inertial::inertial(long, vex::turnType)
 .text._ZN3vex8inertialC2ENS_8turnTypeE
                0x0000000020012a40       0x18 /Users/mrbuzhaoji/Library/Application Support/Code/User/globalStorage/vexrobotics.vexcode/sdk/cpp/IQ2/IQ2_20250520_15_00_00/vexiq2/libviq2rt.a(vex_imu.cpp.o)
                0x0000000020012a40                vex::inertial::inertial(vex::turnType)
                0x0000000020012a40                vex::inertial::inertial(vex::turnType)
 .text._ZN3vex8inertial16startCalibrationEl
                0x0000000020012a58       0x16 /Users/mrbuzhaoji/Library/Application Support/Code/User/globalStorage/vexrobotics.vexcode/sdk/cpp/IQ2/IQ2_20250520_15_00_00/vexiq2/libviq2rt.a(vex_imu.cpp.o)
                0x0000000020012a58                vex::inertial::startCalibration(long)
 .text._ZN3vex8inertial9calibrateEl
                0x0000000020012a6e        0xa /Users/mrbuzhaoji/Library/Application Support/Code/User/globalStorage/vexrobotics.vexcode/sdk/cpp/IQ2/IQ2_20250520_15_00_00/vexiq2/libviq2rt.a(vex_imu.cpp.o)
                0x0000000020012a6e                vex::inertial::calibrate(long)
                0x0000000020012a72                non-virtual thunk to vex::inertial::calibrate(long)
 .text._ZN3vex8distance9installedEv
                0x0000000020012a78       0x10 /Users/mrbuzhaoji/Library/Application Support/Code/User/globalStorage/vexrobotics.vexcode/sdk/cpp/IQ2/IQ2_20250520_15_00_00/vexiq2/libviq2rt.a(vex_distance.cpp.o)
                0x0000000020012a78                vex::distance::installed()
 .text._ZN3vex8distance5valueEv
                0x0000000020012a88        0x6 /Users/mrbuzhaoji/Library/Application Support/Code/User/globalStorage/vexrobotics.vexcode/sdk/cpp/IQ2/IQ2_20250520_15_00_00/vexiq2/libviq2rt.a(vex_distance.cpp.o)
                0x0000000020012a88                vex::distance::value()
 *fill*         0x0000000020012a8e        0x2 
 .text._ZN3vex8distanceC2El
                0x0000000020012a90       0x14 /Users/mrbuzhaoji/Library/Application Support/Code/User/globalStorage/vexrobotics.vexcode/sdk/cpp/IQ2/IQ2_20250520_15_00_00/vexiq2/libviq2rt.a(vex_distance.cpp.o)
                0x0000000020012a90                vex::distance::distance(long)
                0x0000000020012a90                vex::distance::distance(long)
 .text._ZN3vex8distanceD2Ev
                0x0000000020012aa4       0x14 /Users/mrbuzhaoji/Library/Application Support/Code/User/globalStorage/vexrobotics.vexcode/sdk/cpp/IQ2/IQ2_20250520_15_00_00/vexiq2/libviq2rt.a(vex_distance.cpp.o)
                0x0000000020012aa4                vex::distance::~distance()
                0x0000000020012aa4                vex::distance::~distance()
 .text._ZN3vex8distance14objectDistanceENS_13distanceUnitsE
                0x0000000020012ab8       0x44 /Users/mrbuzhaoji/Library/Application Support/Code/User/globalStorage/vexrobotics.vexcode/sdk/cpp/IQ2/IQ2_20250520_15_00_00/vexiq2/libviq2rt.a(vex_distance.cpp.o)
                0x0000000020012ab8                vex::distance::objectDistance(vex::distanceUnits)
 .text._ZN3vex7optical9installedEv
                0x0000000020012afc       0x10 /Users/mrbuzhaoji/Library/Application Support/Code/User/globalStorage/vexrobotics.vexcode/sdk/cpp/IQ2/IQ2_20250520_15_00_00/vexiq2/libviq2rt.a(vex_optical.cpp.o)
                0x0000000020012afc                vex::optical::installed()
 .text._ZN3vex7opticalD2Ev
                0x0000000020012b0c       0x14 /Users/mrbuzhaoji/Library/Application Support/Code/User/globalStorage/vexrobotics.vexcode/sdk/cpp/IQ2/IQ2_20250520_15_00_00/vexiq2/libviq2rt.a(vex_optical.cpp.o)
                0x0000000020012b0c                vex::optical::~optical()
                0x0000000020012b0c                vex::optical::~optical()
 .text._ZN3vex7optical3hueEv
                0x0000000020012b20        0x6 /Users/mrbuzhaoji/Library/Application Support/Code/User/globalStorage/vexrobotics.vexcode/sdk/cpp/IQ2/IQ2_20250520_15_00_00/vexiq2/libviq2rt.a(vex_optical.cpp.o)
                0x0000000020012b20                vex::optical::hue()
 .text._ZN3vex7optical5valueEv
                0x0000000020012b26       0x10 /Users/mrbuzhaoji/Library/Application Support/Code/User/globalStorage/vexrobotics.vexcode/sdk/cpp/IQ2/IQ2_20250520_15_00_00/vexiq2/libviq2rt.a(vex_optical.cpp.o)
                0x0000000020012b26                vex::optical::value()
 .text._ZN3vex7optical13gestureEnableEv
                0x0000000020012b36        0x6 /Users/mrbuzhaoji/Library/Application Support/Code/User/globalStorage/vexrobotics.vexcode/sdk/cpp/IQ2/IQ2_20250520_15_00_00/vexiq2/libviq2rt.a(vex_optical.cpp.o)
                0x0000000020012b36                vex::optical::gestureEnable()
 .text._ZN3vex7optical14gestureDisableEv
                0x0000000020012b3c        0x6 /Users/mrbuzhaoji/Library/Application Support/Code/User/globalStorage/vexrobotics.vexcode/sdk/cpp/IQ2/IQ2_20250520_15_00_00/vexiq2/libviq2rt.a(vex_optical.cpp.o)
                0x0000000020012b3c                vex::optical::gestureDisable()
 *fill*         0x0000000020012b42        0x2 
 .text._ZN3vex7opticalC2Elb
                0x0000000020012b44       0x34 /Users/mrbuzhaoji/Library/Application Support/Code/User/globalStorage/vexrobotics.vexcode/sdk/cpp/IQ2/IQ2_20250520_15_00_00/vexiq2/libviq2rt.a(vex_optical.cpp.o)
                0x0000000020012b44                vex::optical::optical(long, bool)
                0x0000000020012b44                vex::optical::optical(long, bool)
 .text._ZN3vex9pneumatic9installedEv
                0x0000000020012b78       0x10 /Users/mrbuzhaoji/Library/Application Support/Code/User/globalStorage/vexrobotics.vexcode/sdk/cpp/IQ2/IQ2_20250520_15_00_00/vexiq2/libviq2rt.a(vex_pneumatic.cpp.o)
                0x0000000020012b78                vex::pneumatic::installed()
 .text._ZN3vex9pneumaticC2Elb
                0x0000000020012b88       0x24 /Users/mrbuzhaoji/Library/Application Support/Code/User/globalStorage/vexrobotics.vexcode/sdk/cpp/IQ2/IQ2_20250520_15_00_00/vexiq2/libviq2rt.a(vex_pneumatic.cpp.o)
                0x0000000020012b88                vex::pneumatic::pneumatic(long, bool)
                0x0000000020012b88                vex::pneumatic::pneumatic(long, bool)
 .text._ZN3vex9pneumaticD2Ev
                0x0000000020012bac       0x14 /Users/mrbuzhaoji/Library/Application Support/Code/User/globalStorage/vexrobotics.vexcode/sdk/cpp/IQ2/IQ2_20250520_15_00_00/vexiq2/libviq2rt.a(vex_pneumatic.cpp.o)
                0x0000000020012bac                vex::pneumatic::~pneumatic()
                0x0000000020012bac                vex::pneumatic::~pneumatic()
 .text._ZN3vex9pneumatic6extendENS_12cylinderTypeE
                0x0000000020012bc0        0x8 /Users/mrbuzhaoji/Library/Application Support/Code/User/globalStorage/vexrobotics.vexcode/sdk/cpp/IQ2/IQ2_20250520_15_00_00/vexiq2/libviq2rt.a(vex_pneumatic.cpp.o)
                0x0000000020012bc0                vex::pneumatic::extend(vex::cylinderType)
 .text._ZN3vex9pneumatic7retractENS_12cylinderTypeE
                0x0000000020012bc8        0x8 /Users/mrbuzhaoji/Library/Application Support/Code/User/globalStorage/vexrobotics.vexcode/sdk/cpp/IQ2/IQ2_20250520_15_00_00/vexiq2/libviq2rt.a(vex_pneumatic.cpp.o)
                0x0000000020012bc8                vex::pneumatic::retract(vex::cylinderType)
 .text._ZN3vex9pneumatic6pumpOnEv
                0x0000000020012bd0        0x8 /Users/mrbuzhaoji/Library/Application Support/Code/User/globalStorage/vexrobotics.vexcode/sdk/cpp/IQ2/IQ2_20250520_15_00_00/vexiq2/libviq2rt.a(vex_pneumatic.cpp.o)
                0x0000000020012bd0                vex::pneumatic::pumpOn()
 .text._ZN3vex9pneumatic7pumpOffEv
                0x0000000020012bd8        0x8 /Users/mrbuzhaoji/Library/Application Support/Code/User/globalStorage/vexrobotics.vexcode/sdk/cpp/IQ2/IQ2_20250520_15_00_00/vexiq2/libviq2rt.a(vex_pneumatic.cpp.o)
                0x0000000020012bd8                vex::pneumatic::pumpOff()
 .text._ZN3vex11motor_group18motor_group_motorsC2Ev
                0x0000000020012be0       0x18 /Users/mrbuzhaoji/Library/Application Support/Code/User/globalStorage/vexrobotics.vexcode/sdk/cpp/IQ2/IQ2_20250520_15_00_00/vexiq2/libviq2rt.a(vex_motorgroup.cpp.o)
                0x0000000020012be0                vex::motor_group::motor_group_motors::motor_group_motors()
                0x0000000020012be0                vex::motor_group::motor_group_motors::motor_group_motors()
 .text._ZN3vex11motor_groupC2Ev
                0x0000000020012bf8       0x14 /Users/mrbuzhaoji/Library/Application Support/Code/User/globalStorage/vexrobotics.vexcode/sdk/cpp/IQ2/IQ2_20250520_15_00_00/vexiq2/libviq2rt.a(vex_motorgroup.cpp.o)
                0x0000000020012bf8                vex::motor_group::motor_group()
                0x0000000020012bf8                vex::motor_group::motor_group()
 .text._ZN3vex11motor_groupD2Ev
                0x0000000020012c0c        0x2 /Users/mrbuzhaoji/Library/Application Support/Code/User/globalStorage/vexrobotics.vexcode/sdk/cpp/IQ2/IQ2_20250520_15_00_00/vexiq2/libviq2rt.a(vex_motorgroup.cpp.o)
                0x0000000020012c0c                vex::motor_group::~motor_group()
                0x0000000020012c0c                vex::motor_group::~motor_group()
 .text._ZN3vex11motor_group9_addMotorERNS_5motorE
                0x0000000020012c0e       0x14 /Users/mrbuzhaoji/Library/Application Support/Code/User/globalStorage/vexrobotics.vexcode/sdk/cpp/IQ2/IQ2_20250520_15_00_00/vexiq2/libviq2rt.a(vex_motorgroup.cpp.o)
                0x0000000020012c0e                vex::motor_group::_addMotor(vex::motor&)
 .text._ZN3vex11motor_group11setVelocityEdNS_13velocityUnitsE
                0x0000000020012c22       0x3a /Users/mrbuzhaoji/Library/Application Support/Code/User/globalStorage/vexrobotics.vexcode/sdk/cpp/IQ2/IQ2_20250520_15_00_00/vexiq2/libviq2rt.a(vex_motorgroup.cpp.o)
                0x0000000020012c22                vex::motor_group::setVelocity(double, vex::velocityUnits)
 .text._ZN3vex11motor_group11setStoppingENS_9brakeTypeE
                0x0000000020012c5c       0x22 /Users/mrbuzhaoji/Library/Application Support/Code/User/globalStorage/vexrobotics.vexcode/sdk/cpp/IQ2/IQ2_20250520_15_00_00/vexiq2/libviq2rt.a(vex_motorgroup.cpp.o)
                0x0000000020012c5c                vex::motor_group::setStopping(vex::brakeType)
 .text._ZN3vex11motor_group11setPositionEdNS_13rotationUnitsE
                0x0000000020012c7e       0x3a /Users/mrbuzhaoji/Library/Application Support/Code/User/globalStorage/vexrobotics.vexcode/sdk/cpp/IQ2/IQ2_20250520_15_00_00/vexiq2/libviq2rt.a(vex_motorgroup.cpp.o)
                0x0000000020012c7e                vex::motor_group::setPosition(double, vex::rotationUnits)
 .text._ZN3vex11motor_group4spinENS_13directionTypeEdNS_13velocityUnitsE
                0x0000000020012cb8       0x3e /Users/mrbuzhaoji/Library/Application Support/Code/User/globalStorage/vexrobotics.vexcode/sdk/cpp/IQ2/IQ2_20250520_15_00_00/vexiq2/libviq2rt.a(vex_motorgroup.cpp.o)
                0x0000000020012cb8                vex::motor_group::spin(vex::directionType, double, vex::velocityUnits)
 .text._ZN3vex11motor_group10isSpinningEv
                0x0000000020012cf6       0x26 /Users/mrbuzhaoji/Library/Application Support/Code/User/globalStorage/vexrobotics.vexcode/sdk/cpp/IQ2/IQ2_20250520_15_00_00/vexiq2/libviq2rt.a(vex_motorgroup.cpp.o)
                0x0000000020012cf6                vex::motor_group::isSpinning()
 .text._ZN3vex11motor_group6isDoneEv
                0x0000000020012d1c        0xe /Users/mrbuzhaoji/Library/Application Support/Code/User/globalStorage/vexrobotics.vexcode/sdk/cpp/IQ2/IQ2_20250520_15_00_00/vexiq2/libviq2rt.a(vex_motorgroup.cpp.o)
                0x0000000020012d1c                vex::motor_group::isDone()
 .text._ZN3vex11motor_group4stopEv
                0x0000000020012d2a       0x1e /Users/mrbuzhaoji/Library/Application Support/Code/User/globalStorage/vexrobotics.vexcode/sdk/cpp/IQ2/IQ2_20250520_15_00_00/vexiq2/libviq2rt.a(vex_motorgroup.cpp.o)
                0x0000000020012d2a                vex::motor_group::stop()
 .text._ZN3vex11motor_group8positionENS_13rotationUnitsE
                0x0000000020012d48        0x8 /Users/mrbuzhaoji/Library/Application Support/Code/User/globalStorage/vexrobotics.vexcode/sdk/cpp/IQ2/IQ2_20250520_15_00_00/vexiq2/libviq2rt.a(vex_motorgroup.cpp.o)
                0x0000000020012d48                vex::motor_group::position(vex::rotationUnits)
 .text._ZN3vex11motor_group8velocityENS_13velocityUnitsE
                0x0000000020012d50        0x8 /Users/mrbuzhaoji/Library/Application Support/Code/User/globalStorage/vexrobotics.vexcode/sdk/cpp/IQ2/IQ2_20250520_15_00_00/vexiq2/libviq2rt.a(vex_motorgroup.cpp.o)
                0x0000000020012d50                vex::motor_group::velocity(vex::velocityUnits)
 .text._ZN3vex11motor_group20waitForCompletionAllEv
                0x0000000020012d58       0x36 /Users/mrbuzhaoji/Library/Application Support/Code/User/globalStorage/vexrobotics.vexcode/sdk/cpp/IQ2/IQ2_20250520_15_00_00/vexiq2/libviq2rt.a(vex_motorgroup.cpp.o)
                0x0000000020012d58                vex::motor_group::waitForCompletionAll()
 .text._ZN3vex11motor_group6spinToEdNS_13rotationUnitsEb
                0x0000000020012d8e       0x56 /Users/mrbuzhaoji/Library/Application Support/Code/User/globalStorage/vexrobotics.vexcode/sdk/cpp/IQ2/IQ2_20250520_15_00_00/vexiq2/libviq2rt.a(vex_motorgroup.cpp.o)
                0x0000000020012d8e                vex::motor_group::spinTo(double, vex::rotationUnits, bool)
 .text._ZN3vex11motor_group14spinToPositionEdNS_13rotationUnitsEb
                0x0000000020012de4        0x4 /Users/mrbuzhaoji/Library/Application Support/Code/User/globalStorage/vexrobotics.vexcode/sdk/cpp/IQ2/IQ2_20250520_15_00_00/vexiq2/libviq2rt.a(vex_motorgroup.cpp.o)
                0x0000000020012de4                vex::motor_group::spinToPosition(double, vex::rotationUnits, bool)
 .text._ZN3vex10controllerC2Ev
                0x0000000020012de8       0x5e /Users/mrbuzhaoji/Library/Application Support/Code/User/globalStorage/vexrobotics.vexcode/sdk/cpp/IQ2/IQ2_20250520_15_00_00/vexiq2/libviq2rt.a(vex_controller.cpp.o)
                0x0000000020012de8                vex::controller::controller()
                0x0000000020012de8                vex::controller::controller()
 .text._ZN3vex10controllerD2Ev
                0x0000000020012e46        0x2 /Users/mrbuzhaoji/Library/Application Support/Code/User/globalStorage/vexrobotics.vexcode/sdk/cpp/IQ2/IQ2_20250520_15_00_00/vexiq2/libviq2rt.a(vex_controller.cpp.o)
                0x0000000020012e46                vex::controller::~controller()
                0x0000000020012e46                vex::controller::~controller()
 .text._ZN3vex5event9userindexEv
                0x0000000020012e48        0x4 /Users/mrbuzhaoji/Library/Application Support/Code/User/globalStorage/vexrobotics.vexcode/sdk/cpp/IQ2/IQ2_20250520_15_00_00/vexiq2/libviq2rt.a(vex_event.cpp.o)
                0x0000000020012e48                vex::event::userindex()
 .text._ZN3vex6device5valueEv
                0x0000000020012e4c        0x4 /Users/mrbuzhaoji/Library/Application Support/Code/User/globalStorage/vexrobotics.vexcode/sdk/cpp/IQ2/IQ2_20250520_15_00_00/vexiq2/libviq2rt.a(vex_device.cpp.o)
                0x0000000020012e4c                vex::device::value()
 .text._ZN3vex6deviceD2Ev
                0x0000000020012e50        0x2 /Users/mrbuzhaoji/Library/Application Support/Code/User/globalStorage/vexrobotics.vexcode/sdk/cpp/IQ2/IQ2_20250520_15_00_00/vexiq2/libviq2rt.a(vex_device.cpp.o)
                0x0000000020012e50                vex::device::~device()
                0x0000000020012e50                vex::device::~device()
 .text._ZN3vex6device4initEl
                0x0000000020012e52       0x22 /Users/mrbuzhaoji/Library/Application Support/Code/User/globalStorage/vexrobotics.vexcode/sdk/cpp/IQ2/IQ2_20250520_15_00_00/vexiq2/libviq2rt.a(vex_device.cpp.o)
                0x0000000020012e52                vex::device::init(long)
 .text._ZN3vex6deviceC2El
                0x0000000020012e74       0x14 /Users/mrbuzhaoji/Library/Application Support/Code/User/globalStorage/vexrobotics.vexcode/sdk/cpp/IQ2/IQ2_20250520_15_00_00/vexiq2/libviq2rt.a(vex_device.cpp.o)
                0x0000000020012e74                vex::device::device(long)
                0x0000000020012e74                vex::device::device(long)
 .text._ZN3vex6device4typeEv
                0x0000000020012e88        0x8 /Users/mrbuzhaoji/Library/Application Support/Code/User/globalStorage/vexrobotics.vexcode/sdk/cpp/IQ2/IQ2_20250520_15_00_00/vexiq2/libviq2rt.a(vex_device.cpp.o)
                0x0000000020012e88                vex::device::type()
 .text._ZN3vex6device9installedEv
                0x0000000020012e90        0xe /Users/mrbuzhaoji/Library/Application Support/Code/User/globalStorage/vexrobotics.vexcode/sdk/cpp/IQ2/IQ2_20250520_15_00_00/vexiq2/libviq2rt.a(vex_device.cpp.o)
                0x0000000020012e90                vex::device::installed()
 .text.__aeabi_atexit
                0x0000000020012e9e        0xa /Users/mrbuzhaoji/Library/Application Support/Code/User/globalStorage/vexrobotics.vexcode/sdk/cpp/IQ2/IQ2_20250520_15_00_00/vexiq2/gcc/libs/libc_nano.a(lib_a-aeabi_atexit.o)
                0x0000000020012e9e                __aeabi_atexit
 .text.__libc_init_array
                0x0000000020012ea8       0x48 /Users/mrbuzhaoji/Library/Application Support/Code/User/globalStorage/vexrobotics.vexcode/sdk/cpp/IQ2/IQ2_20250520_15_00_00/vexiq2/gcc/libs/libc_nano.a(lib_a-init.o)
                0x0000000020012ea8                __libc_init_array
 .text._free_r  0x0000000020012ef0       0x9c /Users/mrbuzhaoji/Library/Application Support/Code/User/globalStorage/vexrobotics.vexcode/sdk/cpp/IQ2/IQ2_20250520_15_00_00/vexiq2/gcc/libs/libc_nano.a(lib_a-nano-freer.o)
                0x0000000020012ef0                _free_r
 .text.__malloc_lock
                0x0000000020012f8c        0x2 /Users/mrbuzhaoji/Library/Application Support/Code/User/globalStorage/vexrobotics.vexcode/sdk/cpp/IQ2/IQ2_20250520_15_00_00/vexiq2/gcc/libs/libc_nano.a(lib_a-mlock.o)
                0x0000000020012f8c                __malloc_lock
 .text.__malloc_unlock
                0x0000000020012f8e        0x2 /Users/mrbuzhaoji/Library/Application Support/Code/User/globalStorage/vexrobotics.vexcode/sdk/cpp/IQ2/IQ2_20250520_15_00_00/vexiq2/gcc/libs/libc_nano.a(lib_a-mlock.o)
                0x0000000020012f8e                __malloc_unlock
 .text._ZdlPv   0x0000000020012f90        0x4 /Users/mrbuzhaoji/Library/Application Support/Code/User/globalStorage/vexrobotics.vexcode/sdk/cpp/IQ2/IQ2_20250520_15_00_00/vexiq2/gcc/libs/libstdc++_nano.a(del_op.o)
                0x0000000020012f90                operator delete(void*)
 .text.fmod     0x0000000020012f94       0xd0 /Users/mrbuzhaoji/Library/Application Support/Code/User/globalStorage/vexrobotics.vexcode/sdk/cpp/IQ2/IQ2_20250520_15_00_00/vexiq2/gcc/libs/libm.a(lib_a-w_fmod.o)
                0x0000000020012f94                fmod
 .text.__ieee754_fmod
                0x0000000020013064      0x248 /Users/mrbuzhaoji/Library/Application Support/Code/User/globalStorage/vexrobotics.vexcode/sdk/cpp/IQ2/IQ2_20250520_15_00_00/vexiq2/gcc/libs/libm.a(lib_a-e_fmod.o)
                0x0000000020013064                __ieee754_fmod
 .text.matherr  0x00000000200132ac        0x4 /Users/mrbuzhaoji/Library/Application Support/Code/User/globalStorage/vexrobotics.vexcode/sdk/cpp/IQ2/IQ2_20250520_15_00_00/vexiq2/gcc/libs/libm.a(lib_a-s_matherr.o)
                0x00000000200132ac                matherr
 .text.__errno  0x00000000200132b0        0xc /Users/mrbuzhaoji/Library/Application Support/Code/User/globalStorage/vexrobotics.vexcode/sdk/cpp/IQ2/IQ2_20250520_15_00_00/vexiq2/libviq2rt.a(iq2_fstubs.c.o)
                0x00000000200132b0                __errno
 .text.free     0x00000000200132bc       0x10 /Users/mrbuzhaoji/Library/Application Support/Code/User/globalStorage/vexrobotics.vexcode/sdk/cpp/IQ2/IQ2_20250520_15_00_00/vexiq2/gcc/libs/libc_nano.a(lib_a-malloc.o)
                0x00000000200132bc                free
 *(.gnu.linkonce.t.*)
 *(.plt)
 *(.gnu_warning)
 *(.gcc_except_table)
 *(.glue_7)
 .glue_7        0x00000000200132cc        0x0 linker stubs
 *(.glue_7t)
 .glue_7t       0x00000000200132cc        0x0 linker stubs
 *(.vfp11_veneer)
 .vfp11_veneer  0x00000000200132cc        0x0 linker stubs
 *(.ARM.extab)
 *(.gnu.linkonce.armextab.*)

.v4_bx          0x00000000200132cc        0x0
 .v4_bx         0x00000000200132cc        0x0 linker stubs

.iplt           0x00000000200132cc        0x0
 .iplt          0x00000000200132cc        0x0 build/src/config.o

.init
 *(.init)

.fini
 *(.fini)

.rodata         0x00000000200132d0      0x200
                0x00000000200132d0                __rodata_start = .
 *(.rodata)
 *(.rodata.*)
 .rodata.str1.1
                0x00000000200132d0       0x22 /Users/mrbuzhaoji/Library/Application Support/Code/User/globalStorage/vexrobotics.vexcode/sdk/cpp/IQ2/IQ2_20250520_15_00_00/vexiq2/libviq2rt.a(iq2_startup.c.o)
 *fill*         0x00000000200132f2        0x2 
 .rodata._ZN3vex9cylinder2E
                0x00000000200132f4        0x4 /Users/mrbuzhaoji/Library/Application Support/Code/User/globalStorage/vexrobotics.vexcode/sdk/cpp/IQ2/IQ2_20250520_15_00_00/vexiq2/libviq2rt.a(vex_global.cpp.o)
                0x00000000200132f4                vex::cylinder2
 .rodata._ZN3vex6yellowE
                0x00000000200132f8        0x4 /Users/mrbuzhaoji/Library/Application Support/Code/User/globalStorage/vexrobotics.vexcode/sdk/cpp/IQ2/IQ2_20250520_15_00_00/vexiq2/libviq2rt.a(vex_global.cpp.o)
                0x00000000200132f8                vex::yellow
 .rodata._ZN3vex5PORT3E
                0x00000000200132fc        0x4 /Users/mrbuzhaoji/Library/Application Support/Code/User/globalStorage/vexrobotics.vexcode/sdk/cpp/IQ2/IQ2_20250520_15_00_00/vexiq2/libviq2rt.a(vex_global.cpp.o)
                0x00000000200132fc                vex::PORT3
 .rodata._ZN3vex5PORT1E
                0x0000000020013300        0x4 /Users/mrbuzhaoji/Library/Application Support/Code/User/globalStorage/vexrobotics.vexcode/sdk/cpp/IQ2/IQ2_20250520_15_00_00/vexiq2/libviq2rt.a(vex_global.cpp.o)
                0x0000000020013300                vex::PORT1
 .rodata._ZN3vex6PORT10E
                0x0000000020013304        0x4 /Users/mrbuzhaoji/Library/Application Support/Code/User/globalStorage/vexrobotics.vexcode/sdk/cpp/IQ2/IQ2_20250520_15_00_00/vexiq2/libviq2rt.a(vex_global.cpp.o)
                0x0000000020013304                vex::PORT10
 .rodata._ZN3vex5PORT5E
                0x0000000020013308        0x4 /Users/mrbuzhaoji/Library/Application Support/Code/User/globalStorage/vexrobotics.vexcode/sdk/cpp/IQ2/IQ2_20250520_15_00_00/vexiq2/libviq2rt.a(vex_global.cpp.o)
                0x0000000020013308                vex::PORT5
 .rodata._ZN3vex7forwardE
                0x000000002001330c        0x4 /Users/mrbuzhaoji/Library/Application Support/Code/User/globalStorage/vexrobotics.vexcode/sdk/cpp/IQ2/IQ2_20250520_15_00_00/vexiq2/libviq2rt.a(vex_global.cpp.o)
                0x000000002001330c                vex::forward
 .rodata._ZN3vex7secondsE
                0x0000000020013310        0x4 /Users/mrbuzhaoji/Library/Application Support/Code/User/globalStorage/vexrobotics.vexcode/sdk/cpp/IQ2/IQ2_20250520_15_00_00/vexiq2/libviq2rt.a(vex_global.cpp.o)
                0x0000000020013310                vex::seconds
 .rodata._ZN3vex4msecE
                0x0000000020013314        0x4 /Users/mrbuzhaoji/Library/Application Support/Code/User/globalStorage/vexrobotics.vexcode/sdk/cpp/IQ2/IQ2_20250520_15_00_00/vexiq2/libviq2rt.a(vex_global.cpp.o)
                0x0000000020013314                vex::msec
 .rodata._ZN3vex5PORT9E
                0x0000000020013318        0x4 /Users/mrbuzhaoji/Library/Application Support/Code/User/globalStorage/vexrobotics.vexcode/sdk/cpp/IQ2/IQ2_20250520_15_00_00/vexiq2/libviq2rt.a(vex_global.cpp.o)
                0x0000000020013318                vex::PORT9
 .rodata._ZN3vex5PORT2E
                0x000000002001331c        0x4 /Users/mrbuzhaoji/Library/Application Support/Code/User/globalStorage/vexrobotics.vexcode/sdk/cpp/IQ2/IQ2_20250520_15_00_00/vexiq2/libviq2rt.a(vex_global.cpp.o)
                0x000000002001331c                vex::PORT2
 .rodata._ZN3vex3rpmE
                0x0000000020013320        0x4 /Users/mrbuzhaoji/Library/Application Support/Code/User/globalStorage/vexrobotics.vexcode/sdk/cpp/IQ2/IQ2_20250520_15_00_00/vexiq2/libviq2rt.a(vex_global.cpp.o)
                0x0000000020013320                vex::rpm
 .rodata._ZN3vex6PORT11E
                0x0000000020013324        0x4 /Users/mrbuzhaoji/Library/Application Support/Code/User/globalStorage/vexrobotics.vexcode/sdk/cpp/IQ2/IQ2_20250520_15_00_00/vexiq2/libviq2rt.a(vex_global.cpp.o)
                0x0000000020013324                vex::PORT11
 .rodata._ZN3vex5PORT6E
                0x0000000020013328        0x4 /Users/mrbuzhaoji/Library/Application Support/Code/User/globalStorage/vexrobotics.vexcode/sdk/cpp/IQ2/IQ2_20250520_15_00_00/vexiq2/libviq2rt.a(vex_global.cpp.o)
                0x0000000020013328                vex::PORT6
 .rodata._ZN3vex5greenE
                0x000000002001332c        0x4 /Users/mrbuzhaoji/Library/Application Support/Code/User/globalStorage/vexrobotics.vexcode/sdk/cpp/IQ2/IQ2_20250520_15_00_00/vexiq2/libviq2rt.a(vex_global.cpp.o)
                0x000000002001332c                vex::green
 .rodata._ZN3vex7percentE
                0x0000000020013330        0x4 /Users/mrbuzhaoji/Library/Application Support/Code/User/globalStorage/vexrobotics.vexcode/sdk/cpp/IQ2/IQ2_20250520_15_00_00/vexiq2/libviq2rt.a(vex_global.cpp.o)
                0x0000000020013330                vex::percent
 .rodata._ZN3vex7degreesE
                0x0000000020013334        0x4 /Users/mrbuzhaoji/Library/Application Support/Code/User/globalStorage/vexrobotics.vexcode/sdk/cpp/IQ2/IQ2_20250520_15_00_00/vexiq2/libviq2rt.a(vex_global.cpp.o)
                0x0000000020013334                vex::degrees
 .rodata._ZN3vex4holdE
                0x0000000020013338        0x4 /Users/mrbuzhaoji/Library/Application Support/Code/User/globalStorage/vexrobotics.vexcode/sdk/cpp/IQ2/IQ2_20250520_15_00_00/vexiq2/libviq2rt.a(vex_global.cpp.o)
                0x0000000020013338                vex::hold
 .rodata._ZN3vex6PORT12E
                0x000000002001333c        0x4 /Users/mrbuzhaoji/Library/Application Support/Code/User/globalStorage/vexrobotics.vexcode/sdk/cpp/IQ2/IQ2_20250520_15_00_00/vexiq2/libviq2rt.a(vex_global.cpp.o)
                0x000000002001333c                vex::PORT12
 .rodata._ZN3vex5PORT7E
                0x0000000020013340        0x4 /Users/mrbuzhaoji/Library/Application Support/Code/User/globalStorage/vexrobotics.vexcode/sdk/cpp/IQ2/IQ2_20250520_15_00_00/vexiq2/libviq2rt.a(vex_global.cpp.o)
                0x0000000020013340                vex::PORT7
 .rodata._ZN3vex2mmE
                0x0000000020013344        0x4 /Users/mrbuzhaoji/Library/Application Support/Code/User/globalStorage/vexrobotics.vexcode/sdk/cpp/IQ2/IQ2_20250520_15_00_00/vexiq2/libviq2rt.a(vex_global.cpp.o)
                0x0000000020013344                vex::mm
 .rodata._ZN3vex5brakeE
                0x0000000020013348        0x4 /Users/mrbuzhaoji/Library/Application Support/Code/User/globalStorage/vexrobotics.vexcode/sdk/cpp/IQ2/IQ2_20250520_15_00_00/vexiq2/libviq2rt.a(vex_global.cpp.o)
                0x0000000020013348                vex::brake
 .rodata._ZN3vex5coastE
                0x000000002001334c        0x4 /Users/mrbuzhaoji/Library/Application Support/Code/User/globalStorage/vexrobotics.vexcode/sdk/cpp/IQ2/IQ2_20250520_15_00_00/vexiq2/libviq2rt.a(vex_global.cpp.o)
                0x000000002001334c                vex::coast
 .rodata._ZN3vex5PORT4E
                0x0000000020013350        0x4 /Users/mrbuzhaoji/Library/Application Support/Code/User/globalStorage/vexrobotics.vexcode/sdk/cpp/IQ2/IQ2_20250520_15_00_00/vexiq2/libviq2rt.a(vex_global.cpp.o)
                0x0000000020013350                vex::PORT4
 .rodata._ZN3vex9cylinder1E
                0x0000000020013354        0x4 /Users/mrbuzhaoji/Library/Application Support/Code/User/globalStorage/vexrobotics.vexcode/sdk/cpp/IQ2/IQ2_20250520_15_00_00/vexiq2/libviq2rt.a(vex_global.cpp.o)
                0x0000000020013354                vex::cylinder1
 .rodata._ZN3vex5PORT8E
                0x0000000020013358        0x4 /Users/mrbuzhaoji/Library/Application Support/Code/User/globalStorage/vexrobotics.vexcode/sdk/cpp/IQ2/IQ2_20250520_15_00_00/vexiq2/libviq2rt.a(vex_global.cpp.o)
                0x0000000020013358                vex::PORT8
 .rodata.str1.1
                0x000000002001335c       0x14 /Users/mrbuzhaoji/Library/Application Support/Code/User/globalStorage/vexrobotics.vexcode/sdk/cpp/IQ2/IQ2_20250520_15_00_00/vexiq2/libviq2rt.a(vex_task.cpp.o)
 .rodata.str1.1
                0x0000000020013370       0x20 /Users/mrbuzhaoji/Library/Application Support/Code/User/globalStorage/vexrobotics.vexcode/sdk/cpp/IQ2/IQ2_20250520_15_00_00/vexiq2/libviq2rt.a(vex_brain.cpp.o)
 .rodata._ZTVN3vex5motorE
                0x0000000020013390       0x10 /Users/mrbuzhaoji/Library/Application Support/Code/User/globalStorage/vexrobotics.vexcode/sdk/cpp/IQ2/IQ2_20250520_15_00_00/vexiq2/libviq2rt.a(vex_motor.cpp.o)
                0x0000000020013390                vtable for vex::motor
 .rodata._ZTVN3vex8touchledE
                0x00000000200133a0       0x10 /Users/mrbuzhaoji/Library/Application Support/Code/User/globalStorage/vexrobotics.vexcode/sdk/cpp/IQ2/IQ2_20250520_15_00_00/vexiq2/libviq2rt.a(vex_touchled.cpp.o)
                0x00000000200133a0                vtable for vex::touchled
 .rodata._ZTVN3vex8inertialE
                0x00000000200133b0       0x68 /Users/mrbuzhaoji/Library/Application Support/Code/User/globalStorage/vexrobotics.vexcode/sdk/cpp/IQ2/IQ2_20250520_15_00_00/vexiq2/libviq2rt.a(vex_imu.cpp.o)
                0x00000000200133b0                vtable for vex::inertial
 .rodata._ZTVN3vex8distanceE
                0x0000000020013418       0x10 /Users/mrbuzhaoji/Library/Application Support/Code/User/globalStorage/vexrobotics.vexcode/sdk/cpp/IQ2/IQ2_20250520_15_00_00/vexiq2/libviq2rt.a(vex_distance.cpp.o)
                0x0000000020013418                vtable for vex::distance
 .rodata._ZTVN3vex7opticalE
                0x0000000020013428       0x10 /Users/mrbuzhaoji/Library/Application Support/Code/User/globalStorage/vexrobotics.vexcode/sdk/cpp/IQ2/IQ2_20250520_15_00_00/vexiq2/libviq2rt.a(vex_optical.cpp.o)
                0x0000000020013428                vtable for vex::optical
 .rodata._ZTVN3vex9pneumaticE
                0x0000000020013438       0x10 /Users/mrbuzhaoji/Library/Application Support/Code/User/globalStorage/vexrobotics.vexcode/sdk/cpp/IQ2/IQ2_20250520_15_00_00/vexiq2/libviq2rt.a(vex_pneumatic.cpp.o)
                0x0000000020013438                vtable for vex::pneumatic
 .rodata._ZTVN3vex6deviceE
                0x0000000020013448       0x10 /Users/mrbuzhaoji/Library/Application Support/Code/User/globalStorage/vexrobotics.vexcode/sdk/cpp/IQ2/IQ2_20250520_15_00_00/vexiq2/libviq2rt.a(vex_device.cpp.o)
                0x0000000020013448                vtable for vex::device
 .rodata.__sf_fake_stderr
                0x0000000020013458       0x20 /Users/mrbuzhaoji/Library/Application Support/Code/User/globalStorage/vexrobotics.vexcode/sdk/cpp/IQ2/IQ2_20250520_15_00_00/vexiq2/gcc/libs/libc_nano.a(lib_a-findfp.o)
                0x0000000020013458                __sf_fake_stderr
 .rodata.__sf_fake_stdin
                0x0000000020013478       0x20 /Users/mrbuzhaoji/Library/Application Support/Code/User/globalStorage/vexrobotics.vexcode/sdk/cpp/IQ2/IQ2_20250520_15_00_00/vexiq2/gcc/libs/libc_nano.a(lib_a-findfp.o)
                0x0000000020013478                __sf_fake_stdin
 .rodata.__sf_fake_stdout
                0x0000000020013498       0x20 /Users/mrbuzhaoji/Library/Application Support/Code/User/globalStorage/vexrobotics.vexcode/sdk/cpp/IQ2/IQ2_20250520_15_00_00/vexiq2/gcc/libs/libc_nano.a(lib_a-findfp.o)
                0x0000000020013498                __sf_fake_stdout
 .rodata.fmod.str1.4
                0x00000000200134b8        0x8 /Users/mrbuzhaoji/Library/Application Support/Code/User/globalStorage/vexrobotics.vexcode/sdk/cpp/IQ2/IQ2_20250520_15_00_00/vexiq2/gcc/libs/libm.a(lib_a-w_fmod.o)
                                          0x5 (size before relaxing)
 .rodata.Zero   0x00000000200134c0       0x10 /Users/mrbuzhaoji/Library/Application Support/Code/User/globalStorage/vexrobotics.vexcode/sdk/cpp/IQ2/IQ2_20250520_15_00_00/vexiq2/gcc/libs/libm.a(lib_a-e_fmod.o)
 *(.gnu.linkonce.r.*)
                0x00000000200134d0                __rodata_end = .

.rodata1        0x00000000200134d0        0x0
                0x00000000200134d0                __rodata1_start = .
 *(.rodata1)
 *(.rodata1.*)
                0x00000000200134d0                __rodata1_end = .

.sdata2         0x00000000200134d0        0x0
                0x00000000200134d0                __sdata2_start = .
 *(.sdata2)
 *(.sdata2.*)
 *(.gnu.linkonce.s2.*)
                0x00000000200134d0                __sdata2_end = .

.sbss2          0x00000000200134d0        0x0
                0x00000000200134d0                __sbss2_start = .
 *(.sbss2)
 *(.sbss2.*)
 *(.gnu.linkonce.sb2.*)
                0x00000000200134d0                __sbss2_end = .

.data           0x00000000200134d0       0x6d
                0x00000000200134d0                __data_start = .
                0x00000000200134d0                __data_load = .
 *(.data)
 *(.data.*)
 .data.claw     0x00000000200134d0        0x4 build/src/main.o
                0x00000000200134d0                claw
 .data._ZN3vex24__default_motor_velocityE
                0x00000000200134d4        0x4 /Users/mrbuzhaoji/Library/Application Support/Code/User/globalStorage/vexrobotics.vexcode/sdk/cpp/IQ2/IQ2_20250520_15_00_00/vexiq2/libviq2rt.a(vex_motor.cpp.o)
                0x00000000200134d4                vex::__default_motor_velocity
 .data._impure_ptr
                0x00000000200134d8        0x4 /Users/mrbuzhaoji/Library/Application Support/Code/User/globalStorage/vexrobotics.vexcode/sdk/cpp/IQ2/IQ2_20250520_15_00_00/vexiq2/gcc/libs/libc_nano.a(lib_a-impure.o)
                0x00000000200134d8                _impure_ptr
 .data.impure_data
                0x00000000200134dc       0x60 /Users/mrbuzhaoji/Library/Application Support/Code/User/globalStorage/vexrobotics.vexcode/sdk/cpp/IQ2/IQ2_20250520_15_00_00/vexiq2/gcc/libs/libc_nano.a(lib_a-impure.o)
 .data.__fdlib_version
                0x000000002001353c        0x1 /Users/mrbuzhaoji/Library/Application Support/Code/User/globalStorage/vexrobotics.vexcode/sdk/cpp/IQ2/IQ2_20250520_15_00_00/vexiq2/gcc/libs/libm.a(lib_a-s_lib_ver.o)
                0x000000002001353c                __fdlib_version
 *(.gnu.linkonce.d.*)
 *(.jcr)
 *(.got)
 *(.got.plt)
                0x000000002001353d                __data_end = .

.igot.plt       0x0000000020013540        0x0
 .igot.plt      0x0000000020013540        0x0 build/src/config.o

.data1          0x000000002001353d        0x0
                0x000000002001353d                __data1_start = .
                0x000000002001353d                __data1_load = .
 *(.data1)
 *(.data1.*)
                0x000000002001353d                __data1_end = .

.got
 *(.got)

.ctors          0x000000002001353d        0x0
                0x000000002001353d                __CTOR_LIST__ = .
                0x000000002001353d                ___CTORS_LIST___ = .
 *crtbegin.o(.ctors)
 *(EXCLUDE_FILE(*crtend.o) .ctors)
 *(SORT_BY_NAME(.ctors.*))
 *(.ctors)
                0x000000002001353d                __CTOR_END__ = .
                0x000000002001353d                ___CTORS_END___ = .

.dtors          0x000000002001353d        0x0
                0x000000002001353d                __DTOR_LIST__ = .
                0x000000002001353d                ___DTORS_LIST___ = .
 *crtbegin.o(.dtors)
 *(EXCLUDE_FILE(*crtend.o) .dtors)
 *(SORT_BY_NAME(.dtors.*))
 *(.dtors)
                0x000000002001353d                __DTOR_END__ = .
                0x000000002001353d                ___DTORS_END___ = .

.fixup          0x000000002001353d        0x0
                0x000000002001353d                __fixup_start = .
 *(.fixup)
                0x000000002001353d                __fixup_end = .

.eh_frame
 *(.eh_frame)

.eh_framehdr    0x000000002001353d        0x0
                0x000000002001353d                __eh_framehdr_start = .
 *(.eh_framehdr)
                0x000000002001353d                __eh_framehdr_end = .

.gcc_except_table
 *(.gcc_except_table)

.mmu_tbl        0x0000000020014000        0x0
                0x0000000020014000                __mmu_tbl_start = .
 *(.mmu_tbl)
                0x0000000020014000                __mmu_tbl_end = .

.ARM.exidx      0x0000000020013540        0x8
                0x0000000020013540                __exidx_start = .
 *(.ARM.exidx*)
 .ARM.exidx.text._GLOBAL__sub_I_config.cpp
                0x0000000020013540        0x8 build/src/config.o
 .ARM.exidx.text.main
                0x0000000020013548        0x0 build/src/main.o
                                          0x8 (size before relaxing)
 .ARM.exidx.text._Z7autorunv
                0x0000000020013548        0x0 build/src/main.o
                                          0x8 (size before relaxing)
 .ARM.exidx.text._Z5ptoLRii
                0x0000000020013548        0x0 obj/self-pro.o
                                          0x8 (size before relaxing)
 .ARM.exidx.text._Z5pto4cb
                0x0000000020013548        0x0 obj/self-pro.o
                                          0x8 (size before relaxing)
 .ARM.exidx.text._Z13run_dir_speeddd
                0x0000000020013548        0x0 obj/self-pro.o
                                          0x8 (size before relaxing)
 .ARM.exidx.text._Z4moveii
                0x0000000020013548        0x0 obj/self-pro.o
                                          0x8 (size before relaxing)
 .ARM.exidx.text._Z17run_dir_speed_disdddb
                0x0000000020013548        0x0 obj/self-pro.o
                                          0x8 (size before relaxing)
 .ARM.exidx.text._Z5delayd
                0x0000000020013548        0x0 obj/self-pro.o
                                          0x8 (size before relaxing)
 .ARM.exidx.text._Z4beami
                0x0000000020013548        0x0 obj/self-pro.o
                                          0x8 (size before relaxing)
 .ARM.exidx.text._Z5pinupv
                0x0000000020013548        0x0 obj/self-pro.o
                                          0x8 (size before relaxing)
 *(.gnu.linkonce.armexidix.*.*)
                0x0000000020013548                __exidx_end = .

.rel.dyn        0x0000000020013548        0x0
 .rel.iplt      0x0000000020013548        0x0 build/src/config.o

.preinit_array  0x0000000020013548        0x0
                0x0000000020013548                __preinit_array_start = .
 *(SORT_BY_NAME(.preinit_array.*))
 *(.preinit_array)
                0x0000000020013548                __preinit_array_end = .

.init_array     0x0000000020013548        0x8
                0x0000000020013548                __init_array_start = .
 *(SORT_BY_NAME(.init_array.*))
 *(.init_array)
 .init_array    0x0000000020013548        0x4 build/src/config.o
 .init_array    0x000000002001354c        0x4 /Users/mrbuzhaoji/Library/Application Support/Code/User/globalStorage/vexrobotics.vexcode/sdk/cpp/IQ2/IQ2_20250520_15_00_00/vexiq2/libviq2rt.a(vex_color.cpp.o)
                0x0000000020013550                __init_array_end = .

.fini_array     0x0000000020013550        0x0
                0x0000000020013550                __fini_array_start = .
 *(SORT_BY_NAME(.fini_array.*))
 *(.fini_array)
                0x0000000020013550                __fini_array_end = .

.ARM.attributes
                0x0000000020013550       0x3d
                0x0000000020013550                __ARM.attributes_start = .
 *(.ARM.attributes)
 .ARM.attributes
                0x0000000020013550       0x49 build/src/config.o
 .ARM.attributes
                0x0000000020013599       0x49 build/src/main.o
 .ARM.attributes
                0x00000000200135e2       0x49 obj/self-pro.o
 .ARM.attributes
                0x000000002001362b       0x39 /Users/mrbuzhaoji/Library/Application Support/Code/User/globalStorage/vexrobotics.vexcode/sdk/cpp/IQ2/IQ2_20250520_15_00_00/vexiq2/libviq2rt.a(iq2_startup.c.o)
 .ARM.attributes
                0x0000000020013664       0x39 /Users/mrbuzhaoji/Library/Application Support/Code/User/globalStorage/vexrobotics.vexcode/sdk/cpp/IQ2/IQ2_20250520_15_00_00/vexiq2/libviq2rt.a(iq2_apijump.c.o)
 .ARM.attributes
                0x000000002001369d       0x39 /Users/mrbuzhaoji/Library/Application Support/Code/User/globalStorage/vexrobotics.vexcode/sdk/cpp/IQ2/IQ2_20250520_15_00_00/vexiq2/libviq2rt.a(iq2_apiversions.c.o)
 .ARM.attributes
                0x00000000200136d6       0x39 /Users/mrbuzhaoji/Library/Application Support/Code/User/globalStorage/vexrobotics.vexcode/sdk/cpp/IQ2/IQ2_20250520_15_00_00/vexiq2/libviq2rt.a(vex_global.cpp.o)
 .ARM.attributes
                0x000000002001370f       0x39 /Users/mrbuzhaoji/Library/Application Support/Code/User/globalStorage/vexrobotics.vexcode/sdk/cpp/IQ2/IQ2_20250520_15_00_00/vexiq2/libviq2rt.a(vex_color.cpp.o)
 .ARM.attributes
                0x0000000020013748       0x39 /Users/mrbuzhaoji/Library/Application Support/Code/User/globalStorage/vexrobotics.vexcode/sdk/cpp/IQ2/IQ2_20250520_15_00_00/vexiq2/libviq2rt.a(vex_task.cpp.o)
 .ARM.attributes
                0x0000000020013781       0x39 /Users/mrbuzhaoji/Library/Application Support/Code/User/globalStorage/vexrobotics.vexcode/sdk/cpp/IQ2/IQ2_20250520_15_00_00/vexiq2/libviq2rt.a(vex_thread.cpp.o)
 .ARM.attributes
                0x00000000200137ba       0x39 /Users/mrbuzhaoji/Library/Application Support/Code/User/globalStorage/vexrobotics.vexcode/sdk/cpp/IQ2/IQ2_20250520_15_00_00/vexiq2/libviq2rt.a(vex_brain.cpp.o)
 .ARM.attributes
                0x00000000200137f3       0x39 /Users/mrbuzhaoji/Library/Application Support/Code/User/globalStorage/vexrobotics.vexcode/sdk/cpp/IQ2/IQ2_20250520_15_00_00/vexiq2/libviq2rt.a(vex_timer.cpp.o)
 .ARM.attributes
                0x000000002001382c       0x39 /Users/mrbuzhaoji/Library/Application Support/Code/User/globalStorage/vexrobotics.vexcode/sdk/cpp/IQ2/IQ2_20250520_15_00_00/vexiq2/libviq2rt.a(vex_motor.cpp.o)
 .ARM.attributes
                0x0000000020013865       0x39 /Users/mrbuzhaoji/Library/Application Support/Code/User/globalStorage/vexrobotics.vexcode/sdk/cpp/IQ2/IQ2_20250520_15_00_00/vexiq2/libviq2rt.a(vex_touchled.cpp.o)
 .ARM.attributes
                0x000000002001389e       0x39 /Users/mrbuzhaoji/Library/Application Support/Code/User/globalStorage/vexrobotics.vexcode/sdk/cpp/IQ2/IQ2_20250520_15_00_00/vexiq2/libviq2rt.a(vex_imu.cpp.o)
 .ARM.attributes
                0x00000000200138d7       0x39 /Users/mrbuzhaoji/Library/Application Support/Code/User/globalStorage/vexrobotics.vexcode/sdk/cpp/IQ2/IQ2_20250520_15_00_00/vexiq2/libviq2rt.a(vex_distance.cpp.o)
 .ARM.attributes
                0x0000000020013910       0x39 /Users/mrbuzhaoji/Library/Application Support/Code/User/globalStorage/vexrobotics.vexcode/sdk/cpp/IQ2/IQ2_20250520_15_00_00/vexiq2/libviq2rt.a(vex_optical.cpp.o)
 .ARM.attributes
                0x0000000020013949       0x39 /Users/mrbuzhaoji/Library/Application Support/Code/User/globalStorage/vexrobotics.vexcode/sdk/cpp/IQ2/IQ2_20250520_15_00_00/vexiq2/libviq2rt.a(vex_pneumatic.cpp.o)
 .ARM.attributes
                0x0000000020013982       0x39 /Users/mrbuzhaoji/Library/Application Support/Code/User/globalStorage/vexrobotics.vexcode/sdk/cpp/IQ2/IQ2_20250520_15_00_00/vexiq2/libviq2rt.a(vex_motorgroup.cpp.o)
 .ARM.attributes
                0x00000000200139bb       0x39 /Users/mrbuzhaoji/Library/Application Support/Code/User/globalStorage/vexrobotics.vexcode/sdk/cpp/IQ2/IQ2_20250520_15_00_00/vexiq2/libviq2rt.a(vex_controller.cpp.o)
 .ARM.attributes
                0x00000000200139f4       0x39 /Users/mrbuzhaoji/Library/Application Support/Code/User/globalStorage/vexrobotics.vexcode/sdk/cpp/IQ2/IQ2_20250520_15_00_00/vexiq2/libviq2rt.a(vex_event.cpp.o)
 .ARM.attributes
                0x0000000020013a2d       0x39 /Users/mrbuzhaoji/Library/Application Support/Code/User/globalStorage/vexrobotics.vexcode/sdk/cpp/IQ2/IQ2_20250520_15_00_00/vexiq2/libviq2rt.a(vex_device.cpp.o)
 .ARM.attributes
                0x0000000020013a66       0x34 /Users/mrbuzhaoji/Library/Application Support/Code/User/globalStorage/vexrobotics.vexcode/sdk/cpp/IQ2/IQ2_20250520_15_00_00/vexiq2/gcc/libs/libc_nano.a(lib_a-aeabi_atexit.o)
 .ARM.attributes
                0x0000000020013a9a       0x34 /Users/mrbuzhaoji/Library/Application Support/Code/User/globalStorage/vexrobotics.vexcode/sdk/cpp/IQ2/IQ2_20250520_15_00_00/vexiq2/gcc/libs/libc_nano.a(lib_a-findfp.o)
 .ARM.attributes
                0x0000000020013ace       0x34 /Users/mrbuzhaoji/Library/Application Support/Code/User/globalStorage/vexrobotics.vexcode/sdk/cpp/IQ2/IQ2_20250520_15_00_00/vexiq2/gcc/libs/libc_nano.a(lib_a-impure.o)
 .ARM.attributes
                0x0000000020013b02       0x34 /Users/mrbuzhaoji/Library/Application Support/Code/User/globalStorage/vexrobotics.vexcode/sdk/cpp/IQ2/IQ2_20250520_15_00_00/vexiq2/gcc/libs/libc_nano.a(lib_a-init.o)
 .ARM.attributes
                0x0000000020013b36       0x34 /Users/mrbuzhaoji/Library/Application Support/Code/User/globalStorage/vexrobotics.vexcode/sdk/cpp/IQ2/IQ2_20250520_15_00_00/vexiq2/gcc/libs/libc_nano.a(lib_a-nano-freer.o)
 .ARM.attributes
                0x0000000020013b6a       0x34 /Users/mrbuzhaoji/Library/Application Support/Code/User/globalStorage/vexrobotics.vexcode/sdk/cpp/IQ2/IQ2_20250520_15_00_00/vexiq2/gcc/libs/libc_nano.a(lib_a-nano-mallocr.o)
 .ARM.attributes
                0x0000000020013b9e       0x34 /Users/mrbuzhaoji/Library/Application Support/Code/User/globalStorage/vexrobotics.vexcode/sdk/cpp/IQ2/IQ2_20250520_15_00_00/vexiq2/gcc/libs/libc_nano.a(lib_a-mlock.o)
 .ARM.attributes
                0x0000000020013bd2       0x34 /Users/mrbuzhaoji/Library/Application Support/Code/User/globalStorage/vexrobotics.vexcode/sdk/cpp/IQ2/IQ2_20250520_15_00_00/vexiq2/gcc/libs/libstdc++_nano.a(del_op.o)
 .ARM.attributes
                0x0000000020013c06       0x34 /Users/mrbuzhaoji/Library/Application Support/Code/User/globalStorage/vexrobotics.vexcode/sdk/cpp/IQ2/IQ2_20250520_15_00_00/vexiq2/gcc/libs/libm.a(lib_a-w_fmod.o)
 .ARM.attributes
                0x0000000020013c3a       0x34 /Users/mrbuzhaoji/Library/Application Support/Code/User/globalStorage/vexrobotics.vexcode/sdk/cpp/IQ2/IQ2_20250520_15_00_00/vexiq2/gcc/libs/libm.a(lib_a-e_fmod.o)
 .ARM.attributes
                0x0000000020013c6e       0x34 /Users/mrbuzhaoji/Library/Application Support/Code/User/globalStorage/vexrobotics.vexcode/sdk/cpp/IQ2/IQ2_20250520_15_00_00/vexiq2/gcc/libs/libm.a(lib_a-s_lib_ver.o)
 .ARM.attributes
                0x0000000020013ca2       0x34 /Users/mrbuzhaoji/Library/Application Support/Code/User/globalStorage/vexrobotics.vexcode/sdk/cpp/IQ2/IQ2_20250520_15_00_00/vexiq2/gcc/libs/libm.a(lib_a-s_matherr.o)
 .ARM.attributes
                0x0000000020013cd6       0x22 /Users/mrbuzhaoji/Library/Application Support/Code/User/globalStorage/vexrobotics.vexcode/sdk/cpp/IQ2/IQ2_20250520_15_00_00/vexiq2/gcc/libs/libgcc.a(_arm_addsubdf3.o)
 .ARM.attributes
                0x0000000020013cf8       0x22 /Users/mrbuzhaoji/Library/Application Support/Code/User/globalStorage/vexrobotics.vexcode/sdk/cpp/IQ2/IQ2_20250520_15_00_00/vexiq2/gcc/libs/libgcc.a(_arm_muldivdf3.o)
 .ARM.attributes
                0x0000000020013d1a       0x22 /Users/mrbuzhaoji/Library/Application Support/Code/User/globalStorage/vexrobotics.vexcode/sdk/cpp/IQ2/IQ2_20250520_15_00_00/vexiq2/gcc/libs/libgcc.a(_arm_cmpdf2.o)
 .ARM.attributes
                0x0000000020013d3c       0x22 /Users/mrbuzhaoji/Library/Application Support/Code/User/globalStorage/vexrobotics.vexcode/sdk/cpp/IQ2/IQ2_20250520_15_00_00/vexiq2/gcc/libs/libgcc.a(_arm_unorddf2.o)
 .ARM.attributes
                0x0000000020013d5e       0x22 /Users/mrbuzhaoji/Library/Application Support/Code/User/globalStorage/vexrobotics.vexcode/sdk/cpp/IQ2/IQ2_20250520_15_00_00/vexiq2/gcc/libs/libgcc.a(_arm_fixdfsi.o)
 .ARM.attributes